
****** Vivado v2022.1 (64-bit)
  **** SW Build 3526262 on Mon Apr 18 15:47:01 MDT 2022
  **** IP Build 3524634 on Mon Apr 18 20:55:01 MDT 2022
    ** Copyright 1986-2022 Xilinx, Inc. All Rights Reserved.

source /home/cameronbarrett/lab3_retry/lab3_retry.runs/impl_1/.Xil/Vivado-4038780-xilinxlab08/dc_drv.0/dc/debug_ip_core.tcl
# set_param synth.enableIncremental 0
# set_param project.singleFileAddWarning.threshold 0
# set_param chipscope.maxJobs 1
# set_param chipscope.flow 0
# set_param ips.addSpecialDataToCacheID 0
# set script_paths /home/cameronbarrett/lab3_retry/lab3_retry.runs/impl_1/.Xil/Vivado-4038780-xilinxlab08/dbg_hub_CV.0/out/get_cs_ip.tcl
# foreach script_path $script_paths { 
#     source $script_path
#     lappend debug_ip_vlnv $ip_vlnv 
#     lappend debug_ip_module_name $ip_module_name
#     lappend debug_params $params
#     lappend debug_intf_params $intf_params
#     lappend debug_connectivity $connectivity
#     lappend debug_output_xci $output_xci
#     lappend debug_output_dcp $output_dcp
#     lappend debug_output_dir $output_dir
#     lappend debug_synth_opts $synth_opts
#     lappend debug_xdc_files $xdc_files
# }
## set_param synth.enableIncremental 0
## set_param project.singleFileAddWarning.threshold 0
## set_param chipscope.maxJobs 1
## set_param chipscope.flow 0
## set part xc7a100tcsg324-1
## set board_part_repo_paths {/home/cameronbarrett/.Xilinx/Vivado/2022.1/xhub/board_store/xilinx_board_store}
## set board_part digilentinc.com:nexys-a7-100t:part0:1.2
## set board_connections {}
## set tool_flow Vivado
## set ip_vlnv xilinx.com:ip:xsdbm:3.0
## set ip_module_name dbg_hub
## set params {{{PARAM_VALUE.C_BSCAN_MODE} {false} {PARAM_VALUE.C_BSCAN_MODE_WITH_CORE} {false} {PARAM_VALUE.C_CLK_INPUT_FREQ_HZ} {300000000} {PARAM_VALUE.C_ENABLE_CLK_DIVIDER} {false} {PARAM_VALUE.C_EN_BSCANID_VEC} {false} {PARAM_VALUE.C_NUM_BSCAN_MASTER_PORTS} {0} {PARAM_VALUE.C_TWO_PRIM_MODE} {false} {PARAM_VALUE.C_USER_SCAN_CHAIN} {1} {PARAM_VALUE.C_USE_EXT_BSCAN} {false} {PARAM_VALUE.C_XSDB_NUM_SLAVES} {2}}}
## set intf_params {}
## set connectivity {}
## set output_xci /home/cameronbarrett/lab3_retry/lab3_retry.runs/impl_1/.Xil/Vivado-4038780-xilinxlab08/dbg_hub_CV.0/out/result.xci
## set output_dcp /home/cameronbarrett/lab3_retry/lab3_retry.runs/impl_1/.Xil/Vivado-4038780-xilinxlab08/dbg_hub_CV.0/out/result.dcp
## set output_dir /home/cameronbarrett/lab3_retry/lab3_retry.runs/impl_1/.Xil/Vivado-4038780-xilinxlab08/dbg_hub_CV.0/out
## set ip_repo_paths {}
## set ip_output_repo /home/cameronbarrett/lab3_retry/lab3_retry.cache/ip
## set ip_cache_permissions {read write}
## set oopbus_ip_repo_paths [get_param chipscope.oopbus_ip_repo_paths]
## set synth_opts {}
## set xdc_files {}
# set debug_ip_repo_paths $ip_repo_paths
# set debug_ip_output_repo $ip_output_repo
# set debug_ip_cache_permissions $ip_cache_permissions
# set debug_oopbus_ip_repo_paths [get_param chipscope.oopbus_ip_repo_paths]
# set ordering_constrs 1
# set jobs 1
# source {/ece/Xilinx/Vivado/2022.1/scripts/ip/ipxchipscope.tcl}
INFO: [IP_Flow 19-234] Refreshing IP repositories
INFO: [IP_Flow 19-1704] No user IP repositories specified
INFO: [IP_Flow 19-2313] Loaded Vivado IP repository '/ece/Xilinx/Vivado/2022.1/data/ip'.
IP SYNTH XDC FILES = 
Current synth_xdc_files = 
DBG: creating temporary IP: dbg_hub
/home/cameronbarrett/lab3_retry/lab3_retry.runs/impl_1/.Xil/Vivado-4038780-xilinxlab08/dc_drv.0/dc/prj_ip.srcs/sources_1/ip/dbg_hub/dbg_hub.xci
INFO: [IP_Flow 19-1686] Generating 'Instantiation Template' target for IP 'dbg_hub'...
INFO: [IP_Flow 19-1686] Generating 'Synthesis' target for IP 'dbg_hub'...
INFO: [IP_Flow 19-1686] Generating 'Simulation' target for IP 'dbg_hub'...
generation completed successfully
Succeeded copying xdc_files
Succeeded copying xci files
INFO: [IP_Flow 19-4838] Using cached IP synthesis design for IP dbg_hub, cache-ID = 4953af2e0fa4db1d.
INFO: [InternalMarking_CacheHit-1] dbg_hub 4953af2e0fa4db1d
# set failed [catch {ipx::chipscope::run_multi_gen_and_synth_ip_core $part $board_part $board_connections $board_part_repo_paths $tool_flow $debug_ip_vlnv $debug_ip_module_name $debug_params $debug_output_xci $debug_output_dcp $debug_output_dir $debug_ip_repo_paths $debug_ip_output_repo $debug_ip_cache_permissions $debug_oopbus_ip_repo_paths $debug_synth_opts $debug_xdc_files $ordering_constrs $jobs} errMessage]
# if { $failed } {
# send_msg_id {IP_Flow 19-3805} ERROR "Failed to generate and synthesize debug IPs. \n $errMessage"
#   exit 1
# }
INFO: [Common 17-206] Exiting Vivado at Wed Apr 30 17:39:57 2025...
