
*** Running vivado
    with args -log jtag_spi_ila_wrapper.vdi -applog -m64 -product Vivado -messageDb vivado.pb -mode batch -source jtag_spi_ila_wrapper.tcl -notrace


****** Vivado v2022.1 (64-bit)
  **** SW Build 3526262 on Mon Apr 18 15:47:01 MDT 2022
  **** IP Build 3524634 on Mon Apr 18 20:55:01 MDT 2022
    ** Copyright 1986-2022 Xilinx, Inc. All Rights Reserved.

source jtag_spi_ila_wrapper.tcl -notrace
INFO: [IP_Flow 19-234] Refreshing IP repositories
INFO: [IP_Flow 19-1704] No user IP repositories specified
INFO: [IP_Flow 19-2313] Loaded Vivado IP repository '/ece/Xilinx/Vivado/2022.1/data/ip'.
Command: link_design -top jtag_spi_ila_wrapper -part xc7a100tcsg324-1
Design is defaulting to srcset: sources_1
Design is defaulting to constrset: constrs_1
INFO: [Device 21-403] Loading part xc7a100tcsg324-1
INFO: [Project 1-454] Reading design checkpoint '/home/cameronbarrett/lab3_retry/lab3_retry.gen/sources_1/bd/jtag_spi_ila/ip/jtag_spi_ila_axi_quad_spi_0_0/jtag_spi_ila_axi_quad_spi_0_0.dcp' for cell 'jtag_spi_ila_i/axi_quad_spi_0'
INFO: [Project 1-454] Reading design checkpoint '/home/cameronbarrett/lab3_retry/lab3_retry.gen/sources_1/bd/jtag_spi_ila/ip/jtag_spi_ila_clk_wiz_0/jtag_spi_ila_clk_wiz_0.dcp' for cell 'jtag_spi_ila_i/clk_wiz'
INFO: [Project 1-454] Reading design checkpoint '/home/cameronbarrett/lab3_retry/lab3_retry.gen/sources_1/bd/jtag_spi_ila/ip/jtag_spi_ila_ila_0_0/jtag_spi_ila_ila_0_0.dcp' for cell 'jtag_spi_ila_i/ila_0'
INFO: [Project 1-454] Reading design checkpoint '/home/cameronbarrett/lab3_retry/lab3_retry.gen/sources_1/bd/jtag_spi_ila/ip/jtag_spi_ila_jtag_axi_0_0/jtag_spi_ila_jtag_axi_0_0.dcp' for cell 'jtag_spi_ila_i/jtag_axi_0'
INFO: [Project 1-454] Reading design checkpoint '/home/cameronbarrett/lab3_retry/lab3_retry.gen/sources_1/bd/jtag_spi_ila/ip/jtag_spi_ila_reset_inv_0_0/jtag_spi_ila_reset_inv_0_0.dcp' for cell 'jtag_spi_ila_i/reset_inv_0'
INFO: [Project 1-454] Reading design checkpoint '/home/cameronbarrett/lab3_retry/lab3_retry.gen/sources_1/bd/jtag_spi_ila/ip/jtag_spi_ila_rst_clk_wiz_100M_0/jtag_spi_ila_rst_clk_wiz_100M_0.dcp' for cell 'jtag_spi_ila_i/rst_clk_wiz_100M'
Netlist sorting complete. Time (s): cpu = 00:00:00.05 ; elapsed = 00:00:00.06 . Memory (MB): peak = 3141.910 ; gain = 0.000 ; free physical = 2867 ; free virtual = 21626
INFO: [Netlist 29-17] Analyzing 113 Unisim elements for replacement
INFO: [Netlist 29-28] Unisim Transformation completed in 0 CPU seconds
INFO: [Project 1-479] Netlist was created with Vivado 2022.1
INFO: [Project 1-570] Preparing netlist for logic optimization
WARNING: [Opt 31-35] Removing redundant IBUF, jtag_spi_ila_i/clk_wiz/inst/clkin1_ibufg, from the path connected to top-level port: sys_clock 
Resolution: The tool has removed redundant IBUF. To resolve this warning, check for redundant IBUF in the input design.
WARNING: [Constraints 18-550] Could not create 'IBUF_LOW_PWR' constraint because net 'jtag_spi_ila_i/clk_wiz/clk_in1' is not directly connected to top level port. Synthesis is ignored for IBUF_LOW_PWR but preserved for implementation.
WARNING: [Shape Builder 18-132] Instance jtag_spi_ila_i/axi_quad_spi_0/U0/NO_DUAL_QUAD_MODE.QSPI_NORMAL/QSPI_LEGACY_MD_GEN.QSPI_CORE_INTERFACE_I/LOGIC_FOR_MD_0_GEN.SPI_MODULE_I/RATIO_NOT_EQUAL_4_GENERATE.SCK_O_NQ_4_NO_STARTUP_USED.SCK_O_NE_4_FDRE_INST has IOB = TRUE property, but it cannot be placed in an OLOGIC site. Instance jtag_spi_ila_i/axi_quad_spi_0/U0/NO_DUAL_QUAD_MODE.QSPI_NORMAL/QSPI_LEGACY_MD_GEN.QSPI_CORE_INTERFACE_I/LOGIC_FOR_MD_0_GEN.SPI_MODULE_I/RATIO_NOT_EQUAL_4_GENERATE.SCK_O_NQ_4_NO_STARTUP_USED.SCK_O_NE_4_FDRE_INST cannot be placed in site OLOGIC_X0Y0 because the output signal of the cell requires general routing to fabric and cells placed in OLOGIC can only be routed to delay or I/O site.
WARNING: [Shape Builder 18-132] Instance jtag_spi_ila_i/axi_quad_spi_0/U0/NO_DUAL_QUAD_MODE.QSPI_NORMAL/QSPI_LEGACY_MD_GEN.QSPI_CORE_INTERFACE_I/LOGIC_FOR_MD_0_GEN.SPI_MODULE_I/RATIO_NOT_EQUAL_4_GENERATE.SCK_O_NQ_4_NO_STARTUP_USED.SCK_O_NE_4_FDRE_INST has IOB = TRUE property, but it cannot be placed in an OLOGIC site. Instance jtag_spi_ila_i/axi_quad_spi_0/U0/NO_DUAL_QUAD_MODE.QSPI_NORMAL/QSPI_LEGACY_MD_GEN.QSPI_CORE_INTERFACE_I/LOGIC_FOR_MD_0_GEN.SPI_MODULE_I/RATIO_NOT_EQUAL_4_GENERATE.SCK_O_NQ_4_NO_STARTUP_USED.SCK_O_NE_4_FDRE_INST cannot be placed in site OLOGIC_X0Y0 because the output signal of the cell requires general routing to fabric and cells placed in OLOGIC can only be routed to delay or I/O site.
INFO: [Chipscope 16-324] Core: jtag_spi_ila_i/ila_0 UUID: 940ad457-a93d-512d-8122-28c689279bc1 
INFO: [Chipscope 16-324] Core: jtag_spi_ila_i/jtag_axi_0 UUID: d802dd2b-c0f0-5b6e-a8da-71ec60e4ff03 
Parsing XDC File [/home/cameronbarrett/lab3_retry/lab3_retry.gen/sources_1/bd/jtag_spi_ila/ip/jtag_spi_ila_jtag_axi_0_0/constraints/jtag_axi.xdc] for cell 'jtag_spi_ila_i/jtag_axi_0/inst'
Finished Parsing XDC File [/home/cameronbarrett/lab3_retry/lab3_retry.gen/sources_1/bd/jtag_spi_ila/ip/jtag_spi_ila_jtag_axi_0_0/constraints/jtag_axi.xdc] for cell 'jtag_spi_ila_i/jtag_axi_0/inst'
Parsing XDC File [/home/cameronbarrett/lab3_retry/lab3_retry.gen/sources_1/bd/jtag_spi_ila/ip/jtag_spi_ila_axi_quad_spi_0_0/jtag_spi_ila_axi_quad_spi_0_0_board.xdc] for cell 'jtag_spi_ila_i/axi_quad_spi_0/U0'
Finished Parsing XDC File [/home/cameronbarrett/lab3_retry/lab3_retry.gen/sources_1/bd/jtag_spi_ila/ip/jtag_spi_ila_axi_quad_spi_0_0/jtag_spi_ila_axi_quad_spi_0_0_board.xdc] for cell 'jtag_spi_ila_i/axi_quad_spi_0/U0'
Parsing XDC File [/home/cameronbarrett/lab3_retry/lab3_retry.gen/sources_1/bd/jtag_spi_ila/ip/jtag_spi_ila_axi_quad_spi_0_0/jtag_spi_ila_axi_quad_spi_0_0.xdc] for cell 'jtag_spi_ila_i/axi_quad_spi_0/U0'
Finished Parsing XDC File [/home/cameronbarrett/lab3_retry/lab3_retry.gen/sources_1/bd/jtag_spi_ila/ip/jtag_spi_ila_axi_quad_spi_0_0/jtag_spi_ila_axi_quad_spi_0_0.xdc] for cell 'jtag_spi_ila_i/axi_quad_spi_0/U0'
Parsing XDC File [/home/cameronbarrett/lab3_retry/lab3_retry.gen/sources_1/bd/jtag_spi_ila/ip/jtag_spi_ila_clk_wiz_0/jtag_spi_ila_clk_wiz_0_board.xdc] for cell 'jtag_spi_ila_i/clk_wiz/inst'
Finished Parsing XDC File [/home/cameronbarrett/lab3_retry/lab3_retry.gen/sources_1/bd/jtag_spi_ila/ip/jtag_spi_ila_clk_wiz_0/jtag_spi_ila_clk_wiz_0_board.xdc] for cell 'jtag_spi_ila_i/clk_wiz/inst'
Parsing XDC File [/home/cameronbarrett/lab3_retry/lab3_retry.gen/sources_1/bd/jtag_spi_ila/ip/jtag_spi_ila_clk_wiz_0/jtag_spi_ila_clk_wiz_0.xdc] for cell 'jtag_spi_ila_i/clk_wiz/inst'
INFO: [Timing 38-35] Done setting XDC timing constraints. [/home/cameronbarrett/lab3_retry/lab3_retry.gen/sources_1/bd/jtag_spi_ila/ip/jtag_spi_ila_clk_wiz_0/jtag_spi_ila_clk_wiz_0.xdc:57]
INFO: [Timing 38-2] Deriving generated clocks [/home/cameronbarrett/lab3_retry/lab3_retry.gen/sources_1/bd/jtag_spi_ila/ip/jtag_spi_ila_clk_wiz_0/jtag_spi_ila_clk_wiz_0.xdc:57]
get_clocks: Time (s): cpu = 00:00:07 ; elapsed = 00:00:07 . Memory (MB): peak = 3240.699 ; gain = 74.828 ; free physical = 2374 ; free virtual = 21134
Finished Parsing XDC File [/home/cameronbarrett/lab3_retry/lab3_retry.gen/sources_1/bd/jtag_spi_ila/ip/jtag_spi_ila_clk_wiz_0/jtag_spi_ila_clk_wiz_0.xdc] for cell 'jtag_spi_ila_i/clk_wiz/inst'
Parsing XDC File [/home/cameronbarrett/lab3_retry/lab3_retry.gen/sources_1/bd/jtag_spi_ila/ip/jtag_spi_ila_rst_clk_wiz_100M_0/jtag_spi_ila_rst_clk_wiz_100M_0_board.xdc] for cell 'jtag_spi_ila_i/rst_clk_wiz_100M/U0'
Finished Parsing XDC File [/home/cameronbarrett/lab3_retry/lab3_retry.gen/sources_1/bd/jtag_spi_ila/ip/jtag_spi_ila_rst_clk_wiz_100M_0/jtag_spi_ila_rst_clk_wiz_100M_0_board.xdc] for cell 'jtag_spi_ila_i/rst_clk_wiz_100M/U0'
Parsing XDC File [/home/cameronbarrett/lab3_retry/lab3_retry.gen/sources_1/bd/jtag_spi_ila/ip/jtag_spi_ila_rst_clk_wiz_100M_0/jtag_spi_ila_rst_clk_wiz_100M_0.xdc] for cell 'jtag_spi_ila_i/rst_clk_wiz_100M/U0'
Finished Parsing XDC File [/home/cameronbarrett/lab3_retry/lab3_retry.gen/sources_1/bd/jtag_spi_ila/ip/jtag_spi_ila_rst_clk_wiz_100M_0/jtag_spi_ila_rst_clk_wiz_100M_0.xdc] for cell 'jtag_spi_ila_i/rst_clk_wiz_100M/U0'
Parsing XDC File [/home/cameronbarrett/lab3_retry/lab3_retry.gen/sources_1/bd/jtag_spi_ila/ip/jtag_spi_ila_ila_0_0/ila_v6_2/constraints/ila_impl.xdc] for cell 'jtag_spi_ila_i/ila_0/inst'
Finished Parsing XDC File [/home/cameronbarrett/lab3_retry/lab3_retry.gen/sources_1/bd/jtag_spi_ila/ip/jtag_spi_ila_ila_0_0/ila_v6_2/constraints/ila_impl.xdc] for cell 'jtag_spi_ila_i/ila_0/inst'
Parsing XDC File [/home/cameronbarrett/lab3_retry/lab3_retry.gen/sources_1/bd/jtag_spi_ila/ip/jtag_spi_ila_ila_0_0/ila_v6_2/constraints/ila.xdc] for cell 'jtag_spi_ila_i/ila_0/inst'
Finished Parsing XDC File [/home/cameronbarrett/lab3_retry/lab3_retry.gen/sources_1/bd/jtag_spi_ila/ip/jtag_spi_ila_ila_0_0/ila_v6_2/constraints/ila.xdc] for cell 'jtag_spi_ila_i/ila_0/inst'
Parsing XDC File [/home/cameronbarrett/lab3_retry/lab3_retry.srcs/constrs_1/new/constraint.xdc]
Finished Parsing XDC File [/home/cameronbarrett/lab3_retry/lab3_retry.srcs/constrs_1/new/constraint.xdc]
Parsing XDC File [/home/cameronbarrett/lab3_retry/lab3_retry.gen/sources_1/bd/jtag_spi_ila/ip/jtag_spi_ila_axi_quad_spi_0_0/jtag_spi_ila_axi_quad_spi_0_0_clocks.xdc] for cell 'jtag_spi_ila_i/axi_quad_spi_0/U0'
Finished Parsing XDC File [/home/cameronbarrett/lab3_retry/lab3_retry.gen/sources_1/bd/jtag_spi_ila/ip/jtag_spi_ila_axi_quad_spi_0_0/jtag_spi_ila_axi_quad_spi_0_0_clocks.xdc] for cell 'jtag_spi_ila_i/axi_quad_spi_0/U0'
INFO: [Project 1-1714] 8 XPM XDC files have been applied to the design.
INFO: [Opt 31-138] Pushed 0 inverter(s) to 0 load pin(s).
WARNING: [Shape Builder 18-132] Instance jtag_spi_ila_i/axi_quad_spi_0/U0/NO_DUAL_QUAD_MODE.QSPI_NORMAL/QSPI_LEGACY_MD_GEN.QSPI_CORE_INTERFACE_I/LOGIC_FOR_MD_0_GEN.SPI_MODULE_I/RATIO_NOT_EQUAL_4_GENERATE.SCK_O_NQ_4_NO_STARTUP_USED.SCK_O_NE_4_FDRE_INST has IOB = TRUE property, but it cannot be placed in an OLOGIC site. Instance jtag_spi_ila_i/axi_quad_spi_0/U0/NO_DUAL_QUAD_MODE.QSPI_NORMAL/QSPI_LEGACY_MD_GEN.QSPI_CORE_INTERFACE_I/LOGIC_FOR_MD_0_GEN.SPI_MODULE_I/RATIO_NOT_EQUAL_4_GENERATE.SCK_O_NQ_4_NO_STARTUP_USED.SCK_O_NE_4_FDRE_INST cannot be placed in site OLOGIC_X0Y0 because the output signal of the cell requires general routing to fabric and cells placed in OLOGIC can only be routed to delay or I/O site.
WARNING: [Shape Builder 18-132] Instance jtag_spi_ila_i/axi_quad_spi_0/U0/NO_DUAL_QUAD_MODE.QSPI_NORMAL/QSPI_LEGACY_MD_GEN.QSPI_CORE_INTERFACE_I/LOGIC_FOR_MD_0_GEN.SPI_MODULE_I/RATIO_NOT_EQUAL_4_GENERATE.SCK_O_NQ_4_NO_STARTUP_USED.SCK_O_NE_4_FDRE_INST has IOB = TRUE property, but it cannot be placed in an OLOGIC site. Instance jtag_spi_ila_i/axi_quad_spi_0/U0/NO_DUAL_QUAD_MODE.QSPI_NORMAL/QSPI_LEGACY_MD_GEN.QSPI_CORE_INTERFACE_I/LOGIC_FOR_MD_0_GEN.SPI_MODULE_I/RATIO_NOT_EQUAL_4_GENERATE.SCK_O_NQ_4_NO_STARTUP_USED.SCK_O_NE_4_FDRE_INST cannot be placed in site OLOGIC_X0Y0 because the output signal of the cell requires general routing to fabric and cells placed in OLOGIC can only be routed to delay or I/O site.
Netlist sorting complete. Time (s): cpu = 00:00:00 ; elapsed = 00:00:00 . Memory (MB): peak = 3240.699 ; gain = 0.000 ; free physical = 2378 ; free virtual = 21138
INFO: [Project 1-111] Unisim Transformation Summary:
  A total of 80 instances were transformed.
  CFGLUT5 => CFGLUT5 (SRL16E, SRLC32E): 32 instances
  IOBUF => IOBUF (IBUF, OBUFT): 4 instances
  RAM64M => RAM64M (RAMD64E(x4)): 44 instances

21 Infos, 6 Warnings, 0 Critical Warnings and 0 Errors encountered.
link_design completed successfully
link_design: Time (s): cpu = 00:00:14 ; elapsed = 00:00:15 . Memory (MB): peak = 3240.699 ; gain = 102.961 ; free physical = 2378 ; free virtual = 21138
INFO: [Common 17-600] The following parameters have non-default value.
tcl.collectionResultDisplayLimit
Command: opt_design
Attempting to get a license for feature 'Implementation' and/or device 'xc7a100t'
INFO: [Common 17-349] Got license for feature 'Implementation' and/or device 'xc7a100t'
Running DRC as a precondition to command opt_design

Starting DRC Task
INFO: [DRC 23-27] Running DRC with 4 threads
INFO: [Project 1-461] DRC finished with 0 Errors
INFO: [Project 1-462] Please refer to the DRC report (report_drc) for more information.

Time (s): cpu = 00:00:01 ; elapsed = 00:00:00.86 . Memory (MB): peak = 3272.715 ; gain = 32.016 ; free physical = 2370 ; free virtual = 21129

Starting Cache Timing Information Task
INFO: [Timing 38-35] Done setting XDC timing constraints.
Ending Cache Timing Information Task | Checksum: 11508c691

Time (s): cpu = 00:00:00.21 ; elapsed = 00:00:00.11 . Memory (MB): peak = 3272.715 ; gain = 0.000 ; free physical = 2366 ; free virtual = 21126

Starting Logic Optimization Task

Phase 1 Generate And Synthesize Debug Cores
INFO: [Chipscope 16-329] Generating Script for core instance : dbg_hub 
INFO: [IP_Flow 19-3806] Processing IP xilinx.com:ip:xsdbm:3.0 for cell dbg_hub_CV.
INFO: [Chipscope 16-469] Using cached IP synthesis design for IP xilinx.com:ip:xsdbm:3.0, cache-ID = 4953af2e0fa4db1d.
WARNING: [Shape Builder 18-132] Instance jtag_spi_ila_i/axi_quad_spi_0/U0/NO_DUAL_QUAD_MODE.QSPI_NORMAL/QSPI_LEGACY_MD_GEN.QSPI_CORE_INTERFACE_I/LOGIC_FOR_MD_0_GEN.SPI_MODULE_I/RATIO_NOT_EQUAL_4_GENERATE.SCK_O_NQ_4_NO_STARTUP_USED.SCK_O_NE_4_FDRE_INST has IOB = TRUE property, but it cannot be placed in an OLOGIC site. Instance jtag_spi_ila_i/axi_quad_spi_0/U0/NO_DUAL_QUAD_MODE.QSPI_NORMAL/QSPI_LEGACY_MD_GEN.QSPI_CORE_INTERFACE_I/LOGIC_FOR_MD_0_GEN.SPI_MODULE_I/RATIO_NOT_EQUAL_4_GENERATE.SCK_O_NQ_4_NO_STARTUP_USED.SCK_O_NE_4_FDRE_INST cannot be placed in site OLOGIC_X0Y0 because the output signal of the cell requires general routing to fabric and cells placed in OLOGIC can only be routed to delay or I/O site.
WARNING: [Shape Builder 18-132] Instance jtag_spi_ila_i/axi_quad_spi_0/U0/NO_DUAL_QUAD_MODE.QSPI_NORMAL/QSPI_LEGACY_MD_GEN.QSPI_CORE_INTERFACE_I/LOGIC_FOR_MD_0_GEN.SPI_MODULE_I/RATIO_NOT_EQUAL_4_GENERATE.SCK_O_NQ_4_NO_STARTUP_USED.SCK_O_NE_4_FDRE_INST has IOB = TRUE property, but it cannot be placed in an OLOGIC site. Instance jtag_spi_ila_i/axi_quad_spi_0/U0/NO_DUAL_QUAD_MODE.QSPI_NORMAL/QSPI_LEGACY_MD_GEN.QSPI_CORE_INTERFACE_I/LOGIC_FOR_MD_0_GEN.SPI_MODULE_I/RATIO_NOT_EQUAL_4_GENERATE.SCK_O_NQ_4_NO_STARTUP_USED.SCK_O_NE_4_FDRE_INST cannot be placed in site OLOGIC_X0Y0 because the output signal of the cell requires general routing to fabric and cells placed in OLOGIC can only be routed to delay or I/O site.
Netlist sorting complete. Time (s): cpu = 00:00:00.01 ; elapsed = 00:00:00.02 . Memory (MB): peak = 3532.637 ; gain = 0.000 ; free physical = 2101 ; free virtual = 20860
Phase 1 Generate And Synthesize Debug Cores | Checksum: 7942e355

Time (s): cpu = 00:00:18 ; elapsed = 00:00:31 . Memory (MB): peak = 3532.637 ; gain = 43.781 ; free physical = 2101 ; free virtual = 20860

Phase 2 Retarget
INFO: [Opt 31-1287] Pulled Inverter jtag_spi_ila_i/ila_0/inst/ila_core_inst/u_ila_regs/drdy_ff8_i_1 into driver instance jtag_spi_ila_i/ila_0/inst/ila_core_inst/u_ila_regs/slaveRegDo_ff8[15]_i_2, which resulted in an inversion of 4 pins
INFO: [Opt 31-138] Pushed 2 inverter(s) to 2 load pin(s).
In IDDR TRANSFORM
INFO: [Opt 31-49] Retargeted 0 cell(s).
Phase 2 Retarget | Checksum: bf188243

Time (s): cpu = 00:00:19 ; elapsed = 00:00:31 . Memory (MB): peak = 3532.637 ; gain = 43.781 ; free physical = 2104 ; free virtual = 20863
INFO: [Opt 31-389] Phase Retarget created 21 cells and removed 35 cells
INFO: [Opt 31-1021] In phase Retarget, 70 netlist objects are constrained preventing optimization. Please run opt_design with -debug_log to get more detail. 

Phase 3 Constant propagation
INFO: [Opt 31-138] Pushed 0 inverter(s) to 0 load pin(s).
Phase 3 Constant propagation | Checksum: 105569df2

Time (s): cpu = 00:00:19 ; elapsed = 00:00:31 . Memory (MB): peak = 3532.637 ; gain = 43.781 ; free physical = 2104 ; free virtual = 20863
INFO: [Opt 31-389] Phase Constant propagation created 12 cells and removed 31 cells
INFO: [Opt 31-1021] In phase Constant propagation, 53 netlist objects are constrained preventing optimization. Please run opt_design with -debug_log to get more detail. 

Phase 4 Sweep
Phase 4 Sweep | Checksum: b94bfd99

Time (s): cpu = 00:00:19 ; elapsed = 00:00:31 . Memory (MB): peak = 3532.637 ; gain = 43.781 ; free physical = 2104 ; free virtual = 20863
INFO: [Opt 31-389] Phase Sweep created 0 cells and removed 427 cells
INFO: [Opt 31-1021] In phase Sweep, 1278 netlist objects are constrained preventing optimization. Please run opt_design with -debug_log to get more detail. 

Phase 5 BUFG optimization
Phase 5 BUFG optimization | Checksum: b94bfd99

Time (s): cpu = 00:00:19 ; elapsed = 00:00:31 . Memory (MB): peak = 3532.637 ; gain = 43.781 ; free physical = 2105 ; free virtual = 20864
INFO: [Opt 31-662] Phase BUFG optimization created 0 cells of which 0 are BUFGs and removed 0 cells.

Phase 6 Shift Register Optimization
INFO: [Opt 31-1064] SRL Remap converted 0 SRLs to 0 registers and converted 0 registers of register chains to 0 SRLs
Phase 6 Shift Register Optimization | Checksum: b94bfd99

Time (s): cpu = 00:00:19 ; elapsed = 00:00:31 . Memory (MB): peak = 3532.637 ; gain = 43.781 ; free physical = 2105 ; free virtual = 20864
INFO: [Opt 31-389] Phase Shift Register Optimization created 0 cells and removed 0 cells

Phase 7 Post Processing Netlist
Phase 7 Post Processing Netlist | Checksum: b94bfd99

Time (s): cpu = 00:00:19 ; elapsed = 00:00:31 . Memory (MB): peak = 3532.637 ; gain = 43.781 ; free physical = 2105 ; free virtual = 20864
INFO: [Opt 31-389] Phase Post Processing Netlist created 0 cells and removed 0 cells
INFO: [Opt 31-1021] In phase Post Processing Netlist, 75 netlist objects are constrained preventing optimization. Please run opt_design with -debug_log to get more detail. 
Opt_design Change Summary
=========================


-------------------------------------------------------------------------------------------------------------------------
|  Phase                        |  #Cells created  |  #Cells Removed  |  #Constrained objects preventing optimizations  |
-------------------------------------------------------------------------------------------------------------------------
|  Retarget                     |              21  |              35  |                                             70  |
|  Constant propagation         |              12  |              31  |                                             53  |
|  Sweep                        |               0  |             427  |                                           1278  |
|  BUFG optimization            |               0  |               0  |                                              0  |
|  Shift Register Optimization  |               0  |               0  |                                              0  |
|  Post Processing Netlist      |               0  |               0  |                                             75  |
-------------------------------------------------------------------------------------------------------------------------



Starting Connectivity Check Task

Time (s): cpu = 00:00:00.03 ; elapsed = 00:00:00 . Memory (MB): peak = 3532.637 ; gain = 0.000 ; free physical = 2105 ; free virtual = 20864
Ending Logic Optimization Task | Checksum: 19070207e

Time (s): cpu = 00:00:19 ; elapsed = 00:00:31 . Memory (MB): peak = 3532.637 ; gain = 43.781 ; free physical = 2105 ; free virtual = 20864

Starting Power Optimization Task
INFO: [Pwropt 34-132] Skipping clock gating for clocks with a period < 2.00 ns.
INFO: [Pwropt 34-9] Applying IDT optimizations ...
INFO: [Timing 38-35] Done setting XDC timing constraints.
INFO: [Pwropt 34-10] Applying ODC optimizations ...
Running Vector-less Activity Propagation...

Finished Running Vector-less Activity Propagation


Starting PowerOpt Patch Enables Task
INFO: [Pwropt 34-162] WRITE_MODE attribute of 0 BRAM(s) out of a total of 4 has been updated to save power. Run report_power_opt to get a complete listing of the BRAMs updated.
INFO: [Pwropt 34-201] Structural ODC has moved 0 WE to EN ports
Number of BRAM Ports augmented: 5 newly gated: 0 Total Ports: 8
Number of Flops added for Enable Generation: 6

Ending PowerOpt Patch Enables Task | Checksum: 17442ce5d

Time (s): cpu = 00:00:00.05 ; elapsed = 00:00:00.05 . Memory (MB): peak = 3747.535 ; gain = 0.000 ; free physical = 2089 ; free virtual = 20847
Ending Power Optimization Task | Checksum: 17442ce5d

Time (s): cpu = 00:00:02 ; elapsed = 00:00:01 . Memory (MB): peak = 3747.535 ; gain = 214.898 ; free physical = 2095 ; free virtual = 20854

Starting Final Cleanup Task

Starting Logic Optimization Task
INFO: [Timing 38-35] Done setting XDC timing constraints.
Ending Logic Optimization Task | Checksum: a9779238

Time (s): cpu = 00:00:00.56 ; elapsed = 00:00:00.35 . Memory (MB): peak = 3747.535 ; gain = 0.000 ; free physical = 2092 ; free virtual = 20851
Ending Final Cleanup Task | Checksum: a9779238

Time (s): cpu = 00:00:03 ; elapsed = 00:00:03 . Memory (MB): peak = 3747.535 ; gain = 0.000 ; free physical = 2092 ; free virtual = 20851
Parsing XDC File [/home/cameronbarrett/lab3_retry/lab3_retry.gen/sources_1/bd/jtag_spi_ila/ip/jtag_spi_ila_jtag_axi_0_0/constraints/jtag_spi_ila_jtag_axi_0_0_impl.xdc] from IP /home/cameronbarrett/lab3_retry/lab3_retry.srcs/sources_1/bd/jtag_spi_ila/ip/jtag_spi_ila_jtag_axi_0_0/jtag_spi_ila_jtag_axi_0_0.xci
Parsing XDC File [/home/cameronbarrett/lab3_retry/lab3_retry.gen/sources_1/bd/jtag_spi_ila/ip/jtag_spi_ila_jtag_axi_0_0/constraints/jtag_spi_ila_jtag_axi_0_0_impl.xdc] for cell 'jtag_spi_ila_i/jtag_axi_0/inst'
INFO: [Timing 38-35] Done setting XDC timing constraints. [/home/cameronbarrett/lab3_retry/lab3_retry.gen/sources_1/bd/jtag_spi_ila/ip/jtag_spi_ila_jtag_axi_0_0/constraints/jtag_spi_ila_jtag_axi_0_0_impl.xdc:69]
Finished Parsing XDC File [/home/cameronbarrett/lab3_retry/lab3_retry.gen/sources_1/bd/jtag_spi_ila/ip/jtag_spi_ila_jtag_axi_0_0/constraints/jtag_spi_ila_jtag_axi_0_0_impl.xdc] for cell 'jtag_spi_ila_i/jtag_axi_0/inst'

Starting Netlist Obfuscation Task
Netlist sorting complete. Time (s): cpu = 00:00:00 ; elapsed = 00:00:00 . Memory (MB): peak = 3747.535 ; gain = 0.000 ; free physical = 2089 ; free virtual = 20847
Ending Netlist Obfuscation Task | Checksum: a9779238

Time (s): cpu = 00:00:00 ; elapsed = 00:00:00 . Memory (MB): peak = 3747.535 ; gain = 0.000 ; free physical = 2089 ; free virtual = 20847
INFO: [Common 17-83] Releasing license: Implementation
57 Infos, 8 Warnings, 0 Critical Warnings and 0 Errors encountered.
opt_design completed successfully
opt_design: Time (s): cpu = 00:00:28 ; elapsed = 00:00:39 . Memory (MB): peak = 3747.535 ; gain = 506.836 ; free physical = 2089 ; free virtual = 20847
INFO: [Common 17-600] The following parameters have non-default value.
tcl.collectionResultDisplayLimit
INFO: [Timing 38-480] Writing timing data to binary archive.
Writing XDEF routing.
Writing XDEF routing logical nets.
Writing XDEF routing special nets.
Write XDEF Complete: Time (s): cpu = 00:00:00.07 ; elapsed = 00:00:00.02 . Memory (MB): peak = 3747.535 ; gain = 0.000 ; free physical = 2081 ; free virtual = 20840
INFO: [Common 17-1381] The checkpoint '/home/cameronbarrett/lab3_retry/lab3_retry.runs/impl_1/jtag_spi_ila_wrapper_opt.dcp' has been generated.
INFO: [runtcl-4] Executing : report_drc -file jtag_spi_ila_wrapper_drc_opted.rpt -pb jtag_spi_ila_wrapper_drc_opted.pb -rpx jtag_spi_ila_wrapper_drc_opted.rpx
Command: report_drc -file jtag_spi_ila_wrapper_drc_opted.rpt -pb jtag_spi_ila_wrapper_drc_opted.pb -rpx jtag_spi_ila_wrapper_drc_opted.rpx
INFO: [IP_Flow 19-1839] IP Catalog is up to date.
INFO: [DRC 23-27] Running DRC with 4 threads
INFO: [Vivado_Tcl 2-168] The results of DRC are in file /home/cameronbarrett/lab3_retry/lab3_retry.runs/impl_1/jtag_spi_ila_wrapper_drc_opted.rpt.
report_drc completed successfully
INFO: [Chipscope 16-240] Debug cores have already been implemented
Command: place_design
Attempting to get a license for feature 'Implementation' and/or device 'xc7a100t'
INFO: [Common 17-349] Got license for feature 'Implementation' and/or device 'xc7a100t'
INFO: [DRC 23-27] Running DRC with 4 threads
INFO: [Vivado_Tcl 4-198] DRC finished with 0 Errors
INFO: [Vivado_Tcl 4-199] Please refer to the DRC report (report_drc) for more information.
Running DRC as a precondition to command place_design
INFO: [DRC 23-27] Running DRC with 4 threads
INFO: [Vivado_Tcl 4-198] DRC finished with 0 Errors
INFO: [Vivado_Tcl 4-199] Please refer to the DRC report (report_drc) for more information.

Starting Placer Task
INFO: [Place 30-611] Multithreading enabled for place_design using a maximum of 4 CPUs

Phase 1 Placer Initialization

Phase 1.1 Placer Initialization Netlist Sorting
Netlist sorting complete. Time (s): cpu = 00:00:00 ; elapsed = 00:00:00 . Memory (MB): peak = 3774.559 ; gain = 0.000 ; free physical = 2019 ; free virtual = 20780
Phase 1.1 Placer Initialization Netlist Sorting | Checksum: 82a5dba3

Time (s): cpu = 00:00:00.01 ; elapsed = 00:00:00.02 . Memory (MB): peak = 3774.559 ; gain = 0.000 ; free physical = 2019 ; free virtual = 20780
Netlist sorting complete. Time (s): cpu = 00:00:00 ; elapsed = 00:00:00 . Memory (MB): peak = 3774.559 ; gain = 0.000 ; free physical = 2019 ; free virtual = 20780

Phase 1.2 IO Placement/ Clock Placement/ Build Placer Device
Phase 1.2 IO Placement/ Clock Placement/ Build Placer Device | Checksum: 9f04e077

Time (s): cpu = 00:00:00.63 ; elapsed = 00:00:00.34 . Memory (MB): peak = 3774.559 ; gain = 0.000 ; free physical = 2048 ; free virtual = 20809

Phase 1.3 Build Placer Netlist Model
Phase 1.3 Build Placer Netlist Model | Checksum: 127632339

Time (s): cpu = 00:00:02 ; elapsed = 00:00:01 . Memory (MB): peak = 3774.559 ; gain = 0.000 ; free physical = 2058 ; free virtual = 20819

Phase 1.4 Constrain Clocks/Macros
Phase 1.4 Constrain Clocks/Macros | Checksum: 127632339

Time (s): cpu = 00:00:02 ; elapsed = 00:00:01 . Memory (MB): peak = 3774.559 ; gain = 0.000 ; free physical = 2058 ; free virtual = 20819
Phase 1 Placer Initialization | Checksum: 127632339

Time (s): cpu = 00:00:02 ; elapsed = 00:00:01 . Memory (MB): peak = 3774.559 ; gain = 0.000 ; free physical = 2057 ; free virtual = 20818

Phase 2 Global Placement

Phase 2.1 Floorplanning
Phase 2.1 Floorplanning | Checksum: 15239f0ac

Time (s): cpu = 00:00:03 ; elapsed = 00:00:01 . Memory (MB): peak = 3774.559 ; gain = 0.000 ; free physical = 2052 ; free virtual = 20813

Phase 2.2 Update Timing before SLR Path Opt
Phase 2.2 Update Timing before SLR Path Opt | Checksum: cc9e7ccd

Time (s): cpu = 00:00:03 ; elapsed = 00:00:02 . Memory (MB): peak = 3774.559 ; gain = 0.000 ; free physical = 2051 ; free virtual = 20812

Phase 2.3 Post-Processing in Floorplanning
Phase 2.3 Post-Processing in Floorplanning | Checksum: cc9e7ccd

Time (s): cpu = 00:00:03 ; elapsed = 00:00:02 . Memory (MB): peak = 3774.559 ; gain = 0.000 ; free physical = 2051 ; free virtual = 20812

Phase 2.4 Global Placement Core

Phase 2.4.1 Physical Synthesis In Placer
INFO: [Physopt 32-1035] Found 0 LUTNM shape to break, 174 LUT instances to create LUTNM shape
INFO: [Physopt 32-1044] Break lutnm for timing: one critical 0, two critical 0, total 0, new lutff created 0
INFO: [Physopt 32-1138] End 1 Pass. Optimized 77 nets or LUTs. Breaked 0 LUT, combined 77 existing LUTs and moved 0 existing LUT
INFO: [Physopt 32-65] No nets found for high-fanout optimization.
INFO: [Physopt 32-232] Optimized 0 net. Created 0 new instance.
INFO: [Physopt 32-775] End 1 Pass. Optimized 0 net or cell. Created 0 new cell, deleted 0 existing cell and moved 0 existing cell
INFO: [Physopt 32-670] No setup violation found.  DSP Register Optimization was not performed.
INFO: [Physopt 32-670] No setup violation found.  Shift Register to Pipeline Optimization was not performed.
INFO: [Physopt 32-670] No setup violation found.  Shift Register Optimization was not performed.
INFO: [Physopt 32-670] No setup violation found.  BRAM Register Optimization was not performed.
INFO: [Physopt 32-670] No setup violation found.  URAM Register Optimization was not performed.
INFO: [Physopt 32-949] No candidate nets found for dynamic/static region interface net replication
INFO: [Physopt 32-775] End 1 Pass. Optimized 0 net or cell. Created 0 new cell, deleted 0 existing cell and moved 0 existing cell
Netlist sorting complete. Time (s): cpu = 00:00:00 ; elapsed = 00:00:00 . Memory (MB): peak = 3774.559 ; gain = 0.000 ; free physical = 2031 ; free virtual = 20792

Summary of Physical Synthesis Optimizations
============================================


-----------------------------------------------------------------------------------------------------------------------------------------------------------
|  Optimization                                     |  Added Cells  |  Removed Cells  |  Optimized Cells/Nets  |  Dont Touch  |  Iterations  |  Elapsed   |
-----------------------------------------------------------------------------------------------------------------------------------------------------------
|  LUT Combining                                    |            0  |             77  |                    77  |           0  |           1  |  00:00:00  |
|  Retime                                           |            0  |              0  |                     0  |           0  |           1  |  00:00:00  |
|  Very High Fanout                                 |            0  |              0  |                     0  |           0  |           1  |  00:00:00  |
|  DSP Register                                     |            0  |              0  |                     0  |           0  |           0  |  00:00:00  |
|  Shift Register to Pipeline                       |            0  |              0  |                     0  |           0  |           0  |  00:00:00  |
|  Shift Register                                   |            0  |              0  |                     0  |           0  |           0  |  00:00:00  |
|  BRAM Register                                    |            0  |              0  |                     0  |           0  |           0  |  00:00:00  |
|  URAM Register                                    |            0  |              0  |                     0  |           0  |           0  |  00:00:00  |
|  Dynamic/Static Region Interface Net Replication  |            0  |              0  |                     0  |           0  |           1  |  00:00:00  |
|  Total                                            |            0  |             77  |                    77  |           0  |           4  |  00:00:00  |
-----------------------------------------------------------------------------------------------------------------------------------------------------------


Phase 2.4.1 Physical Synthesis In Placer | Checksum: 1d7cdc9d1

Time (s): cpu = 00:00:11 ; elapsed = 00:00:05 . Memory (MB): peak = 3774.559 ; gain = 0.000 ; free physical = 2032 ; free virtual = 20793
Phase 2.4 Global Placement Core | Checksum: 19c5386e5

Time (s): cpu = 00:00:11 ; elapsed = 00:00:05 . Memory (MB): peak = 3774.559 ; gain = 0.000 ; free physical = 2029 ; free virtual = 20790
Phase 2 Global Placement | Checksum: 19c5386e5

Time (s): cpu = 00:00:12 ; elapsed = 00:00:05 . Memory (MB): peak = 3774.559 ; gain = 0.000 ; free physical = 2032 ; free virtual = 20793

Phase 3 Detail Placement

Phase 3.1 Commit Multi Column Macros
Phase 3.1 Commit Multi Column Macros | Checksum: 1013b08bc

Time (s): cpu = 00:00:12 ; elapsed = 00:00:05 . Memory (MB): peak = 3774.559 ; gain = 0.000 ; free physical = 2032 ; free virtual = 20793

Phase 3.2 Commit Most Macros & LUTRAMs
Phase 3.2 Commit Most Macros & LUTRAMs | Checksum: 103e7e81d

Time (s): cpu = 00:00:13 ; elapsed = 00:00:06 . Memory (MB): peak = 3774.559 ; gain = 0.000 ; free physical = 2030 ; free virtual = 20791

Phase 3.3 Area Swap Optimization
Phase 3.3 Area Swap Optimization | Checksum: 1624fbc06

Time (s): cpu = 00:00:13 ; elapsed = 00:00:06 . Memory (MB): peak = 3774.559 ; gain = 0.000 ; free physical = 2030 ; free virtual = 20791

Phase 3.4 Pipeline Register Optimization
Phase 3.4 Pipeline Register Optimization | Checksum: f469db21

Time (s): cpu = 00:00:13 ; elapsed = 00:00:06 . Memory (MB): peak = 3774.559 ; gain = 0.000 ; free physical = 2030 ; free virtual = 20791

Phase 3.5 Small Shape Detail Placement
Phase 3.5 Small Shape Detail Placement | Checksum: 20ee7d20c

Time (s): cpu = 00:00:14 ; elapsed = 00:00:07 . Memory (MB): peak = 3774.559 ; gain = 0.000 ; free physical = 2027 ; free virtual = 20788

Phase 3.6 Re-assign LUT pins
Phase 3.6 Re-assign LUT pins | Checksum: 1f5aff1b1

Time (s): cpu = 00:00:15 ; elapsed = 00:00:07 . Memory (MB): peak = 3774.559 ; gain = 0.000 ; free physical = 2027 ; free virtual = 20788

Phase 3.7 Pipeline Register Optimization
Phase 3.7 Pipeline Register Optimization | Checksum: 115bff4a5

Time (s): cpu = 00:00:15 ; elapsed = 00:00:07 . Memory (MB): peak = 3774.559 ; gain = 0.000 ; free physical = 2027 ; free virtual = 20788
Phase 3 Detail Placement | Checksum: 115bff4a5

Time (s): cpu = 00:00:15 ; elapsed = 00:00:07 . Memory (MB): peak = 3774.559 ; gain = 0.000 ; free physical = 2027 ; free virtual = 20788

Phase 4 Post Placement Optimization and Clean-Up

Phase 4.1 Post Commit Optimization
INFO: [Timing 38-35] Done setting XDC timing constraints.

Phase 4.1.1 Post Placement Optimization
Post Placement Optimization Initialization | Checksum: 15fba2d94

Phase 4.1.1.1 BUFG Insertion

Starting Physical Synthesis Task

Phase 1 Physical Synthesis Initialization
INFO: [Physopt 32-721] Multithreading enabled for phys_opt_design using a maximum of 4 CPUs
INFO: [Physopt 32-619] Estimated Timing Summary | WNS=3.060 | TNS=0.000 |
Phase 1 Physical Synthesis Initialization | Checksum: 12c5d3c9c

Time (s): cpu = 00:00:00.39 ; elapsed = 00:00:00.18 . Memory (MB): peak = 3774.559 ; gain = 0.000 ; free physical = 2022 ; free virtual = 20783
INFO: [Place 46-56] BUFG insertion identified 0 candidate nets. Inserted BUFG: 0, Replicated BUFG Driver: 0, Skipped due to Placement/Routing Conflicts: 0, Skipped due to Timing Degradation: 0, Skipped due to Illegal Netlist: 0.
Ending Physical Synthesis Task | Checksum: 94a173ae

Time (s): cpu = 00:00:00.43 ; elapsed = 00:00:00.22 . Memory (MB): peak = 3774.559 ; gain = 0.000 ; free physical = 2022 ; free virtual = 20783
Phase 4.1.1.1 BUFG Insertion | Checksum: 15fba2d94

Time (s): cpu = 00:00:17 ; elapsed = 00:00:08 . Memory (MB): peak = 3774.559 ; gain = 0.000 ; free physical = 2022 ; free virtual = 20783

Phase 4.1.1.2 Post Placement Timing Optimization
INFO: [Place 30-746] Post Placement Timing Summary WNS=3.060. For the most accurate timing information please run report_timing.
Phase 4.1.1.2 Post Placement Timing Optimization | Checksum: 11c5ec75e

Time (s): cpu = 00:00:17 ; elapsed = 00:00:08 . Memory (MB): peak = 3774.559 ; gain = 0.000 ; free physical = 2022 ; free virtual = 20783

Time (s): cpu = 00:00:17 ; elapsed = 00:00:08 . Memory (MB): peak = 3774.559 ; gain = 0.000 ; free physical = 2022 ; free virtual = 20783
Phase 4.1 Post Commit Optimization | Checksum: 11c5ec75e

Time (s): cpu = 00:00:17 ; elapsed = 00:00:08 . Memory (MB): peak = 3774.559 ; gain = 0.000 ; free physical = 2022 ; free virtual = 20783

Phase 4.2 Post Placement Cleanup
Phase 4.2 Post Placement Cleanup | Checksum: 11c5ec75e

Time (s): cpu = 00:00:17 ; elapsed = 00:00:08 . Memory (MB): peak = 3774.559 ; gain = 0.000 ; free physical = 2024 ; free virtual = 20785

Phase 4.3 Placer Reporting

Phase 4.3.1 Print Estimated Congestion
INFO: [Place 30-612] Post-Placement Estimated Congestion 
 ____________________________________________________
|           | Global Congestion | Short Congestion  |
| Direction | Region Size       | Region Size       |
|___________|___________________|___________________|
|      North|                1x1|                1x1|
|___________|___________________|___________________|
|      South|                1x1|                1x1|
|___________|___________________|___________________|
|       East|                1x1|                1x1|
|___________|___________________|___________________|
|       West|                1x1|                1x1|
|___________|___________________|___________________|

Phase 4.3.1 Print Estimated Congestion | Checksum: 11c5ec75e

Time (s): cpu = 00:00:17 ; elapsed = 00:00:08 . Memory (MB): peak = 3774.559 ; gain = 0.000 ; free physical = 2024 ; free virtual = 20785
Phase 4.3 Placer Reporting | Checksum: 11c5ec75e

Time (s): cpu = 00:00:17 ; elapsed = 00:00:08 . Memory (MB): peak = 3774.559 ; gain = 0.000 ; free physical = 2024 ; free virtual = 20785

Phase 4.4 Final Placement Cleanup
Netlist sorting complete. Time (s): cpu = 00:00:00 ; elapsed = 00:00:00.01 . Memory (MB): peak = 3774.559 ; gain = 0.000 ; free physical = 2024 ; free virtual = 20785

Time (s): cpu = 00:00:17 ; elapsed = 00:00:08 . Memory (MB): peak = 3774.559 ; gain = 0.000 ; free physical = 2024 ; free virtual = 20785
Phase 4 Post Placement Optimization and Clean-Up | Checksum: 1ae0588d5

Time (s): cpu = 00:00:17 ; elapsed = 00:00:08 . Memory (MB): peak = 3774.559 ; gain = 0.000 ; free physical = 2024 ; free virtual = 20785
Ending Placer Task | Checksum: ff767e90

Time (s): cpu = 00:00:17 ; elapsed = 00:00:08 . Memory (MB): peak = 3774.559 ; gain = 0.000 ; free physical = 2024 ; free virtual = 20785
INFO: [Common 17-83] Releasing license: Implementation
93 Infos, 8 Warnings, 0 Critical Warnings and 0 Errors encountered.
place_design completed successfully
place_design: Time (s): cpu = 00:00:19 ; elapsed = 00:00:09 . Memory (MB): peak = 3774.559 ; gain = 0.000 ; free physical = 2041 ; free virtual = 20802
INFO: [Timing 38-480] Writing timing data to binary archive.
Writing XDEF routing.
Writing XDEF routing logical nets.
Writing XDEF routing special nets.
Write XDEF Complete: Time (s): cpu = 00:00:00.91 ; elapsed = 00:00:00.32 . Memory (MB): peak = 3774.559 ; gain = 0.000 ; free physical = 2026 ; free virtual = 20796
INFO: [Common 17-1381] The checkpoint '/home/cameronbarrett/lab3_retry/lab3_retry.runs/impl_1/jtag_spi_ila_wrapper_placed.dcp' has been generated.
INFO: [runtcl-4] Executing : report_io -file jtag_spi_ila_wrapper_io_placed.rpt
report_io: Time (s): cpu = 00:00:00.07 ; elapsed = 00:00:00.17 . Memory (MB): peak = 3774.559 ; gain = 0.000 ; free physical = 2025 ; free virtual = 20789
INFO: [runtcl-4] Executing : report_utilization -file jtag_spi_ila_wrapper_utilization_placed.rpt -pb jtag_spi_ila_wrapper_utilization_placed.pb
INFO: [runtcl-4] Executing : report_control_sets -verbose -file jtag_spi_ila_wrapper_control_sets_placed.rpt
report_control_sets: Time (s): cpu = 00:00:00.03 ; elapsed = 00:00:00.12 . Memory (MB): peak = 3774.559 ; gain = 0.000 ; free physical = 2033 ; free virtual = 20797
Command: phys_opt_design
Attempting to get a license for feature 'Implementation' and/or device 'xc7a100t'
INFO: [Common 17-349] Got license for feature 'Implementation' and/or device 'xc7a100t'
INFO: [Vivado_Tcl 4-383] Design worst setup slack (WNS) is greater than or equal to 0.000 ns. Skipping all physical synthesis optimizations.
INFO: [Vivado_Tcl 4-232] No setup violation found. The netlist was not modified.
INFO: [Common 17-83] Releasing license: Implementation
102 Infos, 8 Warnings, 0 Critical Warnings and 0 Errors encountered.
phys_opt_design completed successfully
INFO: [Timing 38-480] Writing timing data to binary archive.
Writing XDEF routing.
Writing XDEF routing logical nets.
Writing XDEF routing special nets.
Write XDEF Complete: Time (s): cpu = 00:00:00.96 ; elapsed = 00:00:00.34 . Memory (MB): peak = 3774.559 ; gain = 0.000 ; free physical = 1985 ; free virtual = 20757
INFO: [Common 17-1381] The checkpoint '/home/cameronbarrett/lab3_retry/lab3_retry.runs/impl_1/jtag_spi_ila_wrapper_physopt.dcp' has been generated.
Command: route_design
Attempting to get a license for feature 'Implementation' and/or device 'xc7a100t'
INFO: [Common 17-349] Got license for feature 'Implementation' and/or device 'xc7a100t'
Running DRC as a precondition to command route_design
INFO: [DRC 23-27] Running DRC with 4 threads
INFO: [Vivado_Tcl 4-198] DRC finished with 0 Errors
INFO: [Vivado_Tcl 4-199] Please refer to the DRC report (report_drc) for more information.


Starting Routing Task
INFO: [Route 35-254] Multithreading enabled for route_design using a maximum of 4 CPUs

Phase 1 Build RT Design
Checksum: PlaceDB: 5a2ea78d ConstDB: 0 ShapeSum: a547d703 RouteDB: 0
Post Restoration Checksum: NetGraph: 9923ca7f NumContArr: 80ca978c Constraints: 0 Timing: 0
Phase 1 Build RT Design | Checksum: 119ee620b

Time (s): cpu = 00:00:29 ; elapsed = 00:00:25 . Memory (MB): peak = 3777.508 ; gain = 2.949 ; free physical = 1824 ; free virtual = 20591

Phase 2 Router Initialization

Phase 2.1 Fix Topology Constraints
Phase 2.1 Fix Topology Constraints | Checksum: 119ee620b

Time (s): cpu = 00:00:29 ; elapsed = 00:00:25 . Memory (MB): peak = 3785.504 ; gain = 10.945 ; free physical = 1796 ; free virtual = 20563

Phase 2.2 Pre Route Cleanup
Phase 2.2 Pre Route Cleanup | Checksum: 119ee620b

Time (s): cpu = 00:00:29 ; elapsed = 00:00:25 . Memory (MB): peak = 3785.504 ; gain = 10.945 ; free physical = 1792 ; free virtual = 20559
 Number of Nodes with overlaps = 0

Phase 2.3 Update Timing
Phase 2.3 Update Timing | Checksum: 26c41d238

Time (s): cpu = 00:00:31 ; elapsed = 00:00:26 . Memory (MB): peak = 3809.801 ; gain = 35.242 ; free physical = 1828 ; free virtual = 20595
INFO: [Route 35-416] Intermediate Timing Summary | WNS=3.099  | TNS=0.000  | WHS=-0.360 | THS=-197.215|


Phase 2.4 Update Timing for Bus Skew

Phase 2.4.1 Update Timing
Phase 2.4.1 Update Timing | Checksum: 1d8281bf4

Time (s): cpu = 00:00:33 ; elapsed = 00:00:27 . Memory (MB): peak = 3809.801 ; gain = 35.242 ; free physical = 1828 ; free virtual = 20594
INFO: [Route 35-416] Intermediate Timing Summary | WNS=3.099  | TNS=0.000  | WHS=N/A    | THS=N/A    |

Phase 2.4 Update Timing for Bus Skew | Checksum: 2601019c6

Time (s): cpu = 00:00:33 ; elapsed = 00:00:27 . Memory (MB): peak = 3825.801 ; gain = 51.242 ; free physical = 1827 ; free virtual = 20594

Router Utilization Summary
  Global Vertical Routing Utilization    = 0.00217609 %
  Global Horizontal Routing Utilization  = 0.00262859 %
  Routable Net Status*
  *Does not include unroutable nets such as driverless and loadless.
  Run report_route_status for detailed report.
  Number of Failed Nets               = 5034
    (Failed Nets is the sum of unrouted and partially routed nets)
  Number of Unrouted Nets             = 5034
  Number of Partially Routed Nets     = 0
  Number of Node Overlaps             = 0

Phase 2 Router Initialization | Checksum: 21121e1c5

Time (s): cpu = 00:00:33 ; elapsed = 00:00:27 . Memory (MB): peak = 3825.801 ; gain = 51.242 ; free physical = 1823 ; free virtual = 20589

Phase 3 Initial Routing

Phase 3.1 Global Routing
Phase 3.1 Global Routing | Checksum: 21121e1c5

Time (s): cpu = 00:00:33 ; elapsed = 00:00:27 . Memory (MB): peak = 3825.801 ; gain = 51.242 ; free physical = 1823 ; free virtual = 20589
Phase 3 Initial Routing | Checksum: 172b8eff7

Time (s): cpu = 00:00:34 ; elapsed = 00:00:27 . Memory (MB): peak = 3825.801 ; gain = 51.242 ; free physical = 1822 ; free virtual = 20589

Phase 4 Rip-up And Reroute

Phase 4.1 Global Iteration 0
 Number of Nodes with overlaps = 271
 Number of Nodes with overlaps = 12
 Number of Nodes with overlaps = 1
 Number of Nodes with overlaps = 0
INFO: [Route 35-416] Intermediate Timing Summary | WNS=3.239  | TNS=0.000  | WHS=N/A    | THS=N/A    |

Phase 4.1 Global Iteration 0 | Checksum: 1e2529405

Time (s): cpu = 00:00:36 ; elapsed = 00:00:29 . Memory (MB): peak = 3825.801 ; gain = 51.242 ; free physical = 1822 ; free virtual = 20589

Phase 4.2 Global Iteration 1
 Number of Nodes with overlaps = 0
INFO: [Route 35-416] Intermediate Timing Summary | WNS=3.239  | TNS=0.000  | WHS=N/A    | THS=N/A    |

Phase 4.2 Global Iteration 1 | Checksum: fa6801c7

Time (s): cpu = 00:00:36 ; elapsed = 00:00:29 . Memory (MB): peak = 3825.801 ; gain = 51.242 ; free physical = 1822 ; free virtual = 20589
Phase 4 Rip-up And Reroute | Checksum: fa6801c7

Time (s): cpu = 00:00:36 ; elapsed = 00:00:29 . Memory (MB): peak = 3825.801 ; gain = 51.242 ; free physical = 1822 ; free virtual = 20589

Phase 5 Delay and Skew Optimization

Phase 5.1 Delay CleanUp

Phase 5.1.1 Update Timing
Phase 5.1.1 Update Timing | Checksum: 19b11e46b

Time (s): cpu = 00:00:37 ; elapsed = 00:00:29 . Memory (MB): peak = 3825.801 ; gain = 51.242 ; free physical = 1823 ; free virtual = 20590
INFO: [Route 35-416] Intermediate Timing Summary | WNS=3.318  | TNS=0.000  | WHS=N/A    | THS=N/A    |

Phase 5.1 Delay CleanUp | Checksum: 1788e2297

Time (s): cpu = 00:00:37 ; elapsed = 00:00:29 . Memory (MB): peak = 3825.801 ; gain = 51.242 ; free physical = 1823 ; free virtual = 20590

Phase 5.2 Clock Skew Optimization
Phase 5.2 Clock Skew Optimization | Checksum: 1788e2297

Time (s): cpu = 00:00:37 ; elapsed = 00:00:29 . Memory (MB): peak = 3825.801 ; gain = 51.242 ; free physical = 1823 ; free virtual = 20590
Phase 5 Delay and Skew Optimization | Checksum: 1788e2297

Time (s): cpu = 00:00:37 ; elapsed = 00:00:29 . Memory (MB): peak = 3825.801 ; gain = 51.242 ; free physical = 1823 ; free virtual = 20590

Phase 6 Post Hold Fix

Phase 6.1 Hold Fix Iter

Phase 6.1.1 Update Timing
Phase 6.1.1 Update Timing | Checksum: 1f284134c

Time (s): cpu = 00:00:37 ; elapsed = 00:00:29 . Memory (MB): peak = 3825.801 ; gain = 51.242 ; free physical = 1823 ; free virtual = 20590
INFO: [Route 35-416] Intermediate Timing Summary | WNS=3.318  | TNS=0.000  | WHS=0.015  | THS=0.000  |

Phase 6.1 Hold Fix Iter | Checksum: 19736cd0a

Time (s): cpu = 00:00:38 ; elapsed = 00:00:29 . Memory (MB): peak = 3825.801 ; gain = 51.242 ; free physical = 1823 ; free virtual = 20590
Phase 6 Post Hold Fix | Checksum: 19736cd0a

Time (s): cpu = 00:00:38 ; elapsed = 00:00:29 . Memory (MB): peak = 3825.801 ; gain = 51.242 ; free physical = 1823 ; free virtual = 20590

Phase 7 Route finalize

Router Utilization Summary
  Global Vertical Routing Utilization    = 0.570527 %
  Global Horizontal Routing Utilization  = 0.756607 %
  Routable Net Status*
  *Does not include unroutable nets such as driverless and loadless.
  Run report_route_status for detailed report.
  Number of Failed Nets               = 0
    (Failed Nets is the sum of unrouted and partially routed nets)
  Number of Unrouted Nets             = 0
  Number of Partially Routed Nets     = 0
  Number of Node Overlaps             = 0

Phase 7 Route finalize | Checksum: 125394214

Time (s): cpu = 00:00:38 ; elapsed = 00:00:29 . Memory (MB): peak = 3825.801 ; gain = 51.242 ; free physical = 1823 ; free virtual = 20589

Phase 8 Verifying routed nets

 Verification completed successfully
Phase 8 Verifying routed nets | Checksum: 125394214

Time (s): cpu = 00:00:38 ; elapsed = 00:00:29 . Memory (MB): peak = 3825.801 ; gain = 51.242 ; free physical = 1822 ; free virtual = 20589

Phase 9 Depositing Routes
Phase 9 Depositing Routes | Checksum: 15112e512

Time (s): cpu = 00:00:38 ; elapsed = 00:00:30 . Memory (MB): peak = 3825.801 ; gain = 51.242 ; free physical = 1822 ; free virtual = 20588

Phase 10 Post Router Timing
INFO: [Route 35-57] Estimated Timing Summary | WNS=3.318  | TNS=0.000  | WHS=0.015  | THS=0.000  |

INFO: [Route 35-327] The final timing numbers are based on the router estimated timing analysis. For a complete and accurate timing signoff, please run report_timing_summary.
Phase 10 Post Router Timing | Checksum: 15112e512

Time (s): cpu = 00:00:38 ; elapsed = 00:00:30 . Memory (MB): peak = 3825.801 ; gain = 51.242 ; free physical = 1822 ; free virtual = 20589
INFO: [Route 35-16] Router Completed Successfully

Time (s): cpu = 00:00:39 ; elapsed = 00:00:30 . Memory (MB): peak = 3825.801 ; gain = 51.242 ; free physical = 1844 ; free virtual = 20611

Routing Is Done.
INFO: [Common 17-83] Releasing license: Implementation
119 Infos, 8 Warnings, 0 Critical Warnings and 0 Errors encountered.
route_design completed successfully
route_design: Time (s): cpu = 00:00:41 ; elapsed = 00:00:31 . Memory (MB): peak = 3825.801 ; gain = 51.242 ; free physical = 1844 ; free virtual = 20611
INFO: [Common 17-600] The following parameters have non-default value.
general.maxThreads
INFO: [Timing 38-480] Writing timing data to binary archive.
Writing XDEF routing.
Writing XDEF routing logical nets.
Writing XDEF routing special nets.
Write XDEF Complete: Time (s): cpu = 00:00:00.92 ; elapsed = 00:00:00.31 . Memory (MB): peak = 3841.809 ; gain = 8.004 ; free physical = 1828 ; free virtual = 20604
INFO: [Common 17-1381] The checkpoint '/home/cameronbarrett/lab3_retry/lab3_retry.runs/impl_1/jtag_spi_ila_wrapper_routed.dcp' has been generated.
INFO: [runtcl-4] Executing : report_drc -file jtag_spi_ila_wrapper_drc_routed.rpt -pb jtag_spi_ila_wrapper_drc_routed.pb -rpx jtag_spi_ila_wrapper_drc_routed.rpx
Command: report_drc -file jtag_spi_ila_wrapper_drc_routed.rpt -pb jtag_spi_ila_wrapper_drc_routed.pb -rpx jtag_spi_ila_wrapper_drc_routed.rpx
INFO: [IP_Flow 19-1839] IP Catalog is up to date.
INFO: [DRC 23-27] Running DRC with 4 threads
INFO: [Vivado_Tcl 2-168] The results of DRC are in file /home/cameronbarrett/lab3_retry/lab3_retry.runs/impl_1/jtag_spi_ila_wrapper_drc_routed.rpt.
report_drc completed successfully
INFO: [runtcl-4] Executing : report_methodology -file jtag_spi_ila_wrapper_methodology_drc_routed.rpt -pb jtag_spi_ila_wrapper_methodology_drc_routed.pb -rpx jtag_spi_ila_wrapper_methodology_drc_routed.rpx
Command: report_methodology -file jtag_spi_ila_wrapper_methodology_drc_routed.rpt -pb jtag_spi_ila_wrapper_methodology_drc_routed.pb -rpx jtag_spi_ila_wrapper_methodology_drc_routed.rpx
INFO: [Timing 38-35] Done setting XDC timing constraints.
INFO: [DRC 23-133] Running Methodology with 4 threads
INFO: [Vivado_Tcl 2-1520] The results of Report Methodology are in file /home/cameronbarrett/lab3_retry/lab3_retry.runs/impl_1/jtag_spi_ila_wrapper_methodology_drc_routed.rpt.
report_methodology completed successfully
INFO: [runtcl-4] Executing : report_power -file jtag_spi_ila_wrapper_power_routed.rpt -pb jtag_spi_ila_wrapper_power_summary_routed.pb -rpx jtag_spi_ila_wrapper_power_routed.rpx
Command: report_power -file jtag_spi_ila_wrapper_power_routed.rpt -pb jtag_spi_ila_wrapper_power_summary_routed.pb -rpx jtag_spi_ila_wrapper_power_routed.rpx
INFO: [Timing 38-35] Done setting XDC timing constraints.
Running Vector-less Activity Propagation...

Finished Running Vector-less Activity Propagation
132 Infos, 8 Warnings, 0 Critical Warnings and 0 Errors encountered.
report_power completed successfully
INFO: [runtcl-4] Executing : report_route_status -file jtag_spi_ila_wrapper_route_status.rpt -pb jtag_spi_ila_wrapper_route_status.pb
INFO: [runtcl-4] Executing : report_timing_summary -max_paths 10 -report_unconstrained -file jtag_spi_ila_wrapper_timing_summary_routed.rpt -pb jtag_spi_ila_wrapper_timing_summary_routed.pb -rpx jtag_spi_ila_wrapper_timing_summary_routed.rpx -warn_on_violation 
INFO: [Timing 38-91] UpdateTimingParams: Speed grade: -1, Delay Type: min_max.
INFO: [Timing 38-191] Multithreading enabled for timing update using a maximum of 4 CPUs
WARNING: [Timing 38-436] There are set_bus_skew constraint(s) in this design. Please run report_bus_skew to ensure that bus skew requirements are met.
INFO: [runtcl-4] Executing : report_incremental_reuse -file jtag_spi_ila_wrapper_incremental_reuse_routed.rpt
INFO: [Vivado_Tcl 4-1062] Incremental flow is disabled. No incremental reuse Info to report.
INFO: [runtcl-4] Executing : report_clock_utilization -file jtag_spi_ila_wrapper_clock_utilization_routed.rpt
INFO: [runtcl-4] Executing : report_bus_skew -warn_on_violation -file jtag_spi_ila_wrapper_bus_skew_routed.rpt -pb jtag_spi_ila_wrapper_bus_skew_routed.pb -rpx jtag_spi_ila_wrapper_bus_skew_routed.rpx
INFO: [Timing 38-91] UpdateTimingParams: Speed grade: -1, Delay Type: min_max.
INFO: [Timing 38-191] Multithreading enabled for timing update using a maximum of 4 CPUs
INFO: [Common 17-206] Exiting Vivado at Fri May  2 10:50:21 2025...

*** Running vivado
    with args -log jtag_spi_ila_wrapper.vdi -applog -m64 -product Vivado -messageDb vivado.pb -mode batch -source jtag_spi_ila_wrapper.tcl -notrace


****** Vivado v2022.1 (64-bit)
  **** SW Build 3526262 on Mon Apr 18 15:47:01 MDT 2022
  **** IP Build 3524634 on Mon Apr 18 20:55:01 MDT 2022
    ** Copyright 1986-2022 Xilinx, Inc. All Rights Reserved.

source jtag_spi_ila_wrapper.tcl -notrace
Command: open_checkpoint jtag_spi_ila_wrapper_routed.dcp
CRITICAL WARNING: [Board 49-67] The board_part definition was not found for digilentinc.com:nexys-a7-100t:part0:1.2. This can happen sometimes when you use custom board part. You can resolve this issue by setting 'board.repoPaths' parameter, pointing to the location of custom board files. Valid board_part values can be retrieved with the 'get_board_parts' Tcl command.
CRITICAL WARNING: [Board 49-67] The board_part definition was not found for digilentinc.com:nexys-a7-100t:part0:1.2. This can happen sometimes when you use custom board part. You can resolve this issue by setting 'board.repoPaths' parameter, pointing to the location of custom board files. Valid board_part values can be retrieved with the 'get_board_parts' Tcl command.
INFO: [Device 21-403] Loading part xc7a100tcsg324-1
Netlist sorting complete. Time (s): cpu = 00:00:00.07 ; elapsed = 00:00:00.07 . Memory (MB): peak = 3113.195 ; gain = 0.000 ; free physical = 2513 ; free virtual = 21305
INFO: [Netlist 29-17] Analyzing 131 Unisim elements for replacement
INFO: [Netlist 29-28] Unisim Transformation completed in 0 CPU seconds
INFO: [Project 1-479] Netlist was created with Vivado 2022.1
INFO: [Project 1-570] Preparing netlist for logic optimization
WARNING: [Constraints 18-550] Could not create 'IBUF_LOW_PWR' constraint because net 'jtag_spi_ila_i/clk_wiz/clk_in1' is not directly connected to top level port. Synthesis is ignored for IBUF_LOW_PWR but preserved for implementation.
INFO: [Timing 38-478] Restoring timing data from binary archive.
INFO: [Timing 38-479] Binary timing data restore complete.
INFO: [Project 1-856] Restoring constraints from binary archive.
INFO: [Constraints 18-5170] The checkpoint was created with non-default parameter values which do not match the current Vivado settings.  Mismatching parameters are:
  general.maxThreads
INFO: [Project 1-853] Binary constraint restore complete.
Reading XDEF placement.
Reading placer database...
Reading XDEF routing.
Read XDEF Files: Time (s): cpu = 00:00:00.33 ; elapsed = 00:00:00.34 . Memory (MB): peak = 3174.910 ; gain = 6.938 ; free physical = 1953 ; free virtual = 20746
Restored from archive | CPU: 0.340000 secs | Memory: 7.271767 MB |
Finished XDEF File Restore: Time (s): cpu = 00:00:00.33 ; elapsed = 00:00:00.34 . Memory (MB): peak = 3174.910 ; gain = 6.938 ; free physical = 1953 ; free virtual = 20746
Netlist sorting complete. Time (s): cpu = 00:00:00 ; elapsed = 00:00:00 . Memory (MB): peak = 3174.910 ; gain = 0.000 ; free physical = 1954 ; free virtual = 20747
INFO: [Project 1-111] Unisim Transformation Summary:
  A total of 86 instances were transformed.
  CFGLUT5 => CFGLUT5 (SRL16E, SRLC32E): 32 instances
  IOBUF => IOBUF (IBUF, OBUFT): 4 instances
  RAM32M => RAM32M (RAMD32(x6), RAMS32(x2)): 6 instances
  RAM64M => RAM64M (RAMD64E(x4)): 44 instances

INFO: [Project 1-604] Checkpoint was created with Vivado v2022.1 (64-bit) build 3526262
open_checkpoint: Time (s): cpu = 00:00:17 ; elapsed = 00:00:21 . Memory (MB): peak = 3174.910 ; gain = 67.902 ; free physical = 1953 ; free virtual = 20746
Command: write_bitstream -force jtag_spi_ila_wrapper.bit
Attempting to get a license for feature 'Implementation' and/or device 'xc7a100t'
INFO: [Common 17-349] Got license for feature 'Implementation' and/or device 'xc7a100t'
Running DRC as a precondition to command write_bitstream
INFO: [IP_Flow 19-234] Refreshing IP repositories
INFO: [IP_Flow 19-1704] No user IP repositories specified
INFO: [IP_Flow 19-2313] Loaded Vivado IP repository '/ece/Xilinx/Vivado/2022.1/data/ip'.
INFO: [DRC 23-27] Running DRC with 4 threads
WARNING: [DRC BUFC-1] Input Buffer Connections: Input buffer spi_sck_iobuf/IBUF has no loads. It is recommended to have an input buffer drive an internal load.
WARNING: [DRC BUFC-1] Input Buffer Connections: Input buffer spi_ss_iobuf/IBUF has no loads. It is recommended to have an input buffer drive an internal load.
WARNING: [DRC CFGBVS-1] Missing CFGBVS and CONFIG_VOLTAGE Design Properties: Neither the CFGBVS nor CONFIG_VOLTAGE voltage property is set in the current_design.  Configuration bank voltage select (CFGBVS) must be set to VCCO or GND, and CONFIG_VOLTAGE must be set to the correct configuration voltage, in order to determine the I/O voltage support for the pins in bank 0.  It is suggested to specify these either using the 'Edit Device Properties' function in the GUI or directly in the XDC file using the following syntax:

 set_property CFGBVS value1 [current_design]
 #where value1 is either VCCO or GND

 set_property CONFIG_VOLTAGE value2 [current_design]
 #where value2 is the voltage provided to configuration bank 0

Refer to the device configuration user guide for more information.
WARNING: [DRC PDCN-1569] LUT equation term check: Used physical LUT pin 'A2' of cell dbg_hub/inst/BSCANID.u_xsdbm_id/SWITCH_N_EXT_BSCAN.id_state[0]_i_1 (pin dbg_hub/inst/BSCANID.u_xsdbm_id/SWITCH_N_EXT_BSCAN.id_state[0]_i_1/I0) is not included in the LUT equation: 'O6=(A6+~A6)*((A5))'. If this cell is a user instantiated LUT in the design, please remove connectivity to the pin or change the equation and/or INIT string of the LUT to prevent this issue. If the cell is inferred or IP created LUT, please regenerate the IP and/or resynthesize the design to attempt to correct the issue.
WARNING: [DRC PDCN-1569] LUT equation term check: Used physical LUT pin 'A2' of cell jtag_spi_ila_i/jtag_axi_0/inst/jtag_axi_engine_u/wr_cmd_fifo_i/inst_fifo_gen/gconvfifo.rf/grf.rf/gntv_or_sync_fifo.gl0.rd/gr1.gr1_int.rfwft/gpregsm1.curr_fwft_state[0]_i_1__1 (pin jtag_spi_ila_i/jtag_axi_0/inst/jtag_axi_engine_u/wr_cmd_fifo_i/inst_fifo_gen/gconvfifo.rf/grf.rf/gntv_or_sync_fifo.gl0.rd/gr1.gr1_int.rfwft/gpregsm1.curr_fwft_state[0]_i_1__1/I1) is not included in the LUT equation: 'O6=(A6+~A6)*((A1)+((~A1)*(~A3)*A5))'. If this cell is a user instantiated LUT in the design, please remove connectivity to the pin or change the equation and/or INIT string of the LUT to prevent this issue. If the cell is inferred or IP created LUT, please regenerate the IP and/or resynthesize the design to attempt to correct the issue.
WARNING: [DRC PDCN-1569] LUT equation term check: Used physical LUT pin 'A3' of cell dbg_hub/inst/BSCANID.u_xsdbm_id/SWITCH_N_EXT_BSCAN.bscan_switch/temp_curid[31]_i_1 (pin dbg_hub/inst/BSCANID.u_xsdbm_id/SWITCH_N_EXT_BSCAN.bscan_switch/temp_curid[31]_i_1/I1) is not included in the LUT equation: 'O5=(A1*A4)+(A1*(~A4)*(~A2))+((~A1))'. If this cell is a user instantiated LUT in the design, please remove connectivity to the pin or change the equation and/or INIT string of the LUT to prevent this issue. If the cell is inferred or IP created LUT, please regenerate the IP and/or resynthesize the design to attempt to correct the issue.
WARNING: [DRC PDCN-1569] LUT equation term check: Used physical LUT pin 'A4' of cell jtag_spi_ila_i/jtag_axi_0/inst/jtag_axi_engine_u/tx_fifo_i/inst_fifo_gen/gconvfifo.rf/grf.rf/gntv_or_sync_fifo.gl0.rd/gr1.gr1_int.rfwft/gpregsm1.curr_fwft_state[0]_i_1__0 (pin jtag_spi_ila_i/jtag_axi_0/inst/jtag_axi_engine_u/tx_fifo_i/inst_fifo_gen/gconvfifo.rf/grf.rf/gntv_or_sync_fifo.gl0.rd/gr1.gr1_int.rfwft/gpregsm1.curr_fwft_state[0]_i_1__0/I1) is not included in the LUT equation: 'O6=(A6+~A6)*((A2)+((~A2)*(~A1)*A3))'. If this cell is a user instantiated LUT in the design, please remove connectivity to the pin or change the equation and/or INIT string of the LUT to prevent this issue. If the cell is inferred or IP created LUT, please regenerate the IP and/or resynthesize the design to attempt to correct the issue.
WARNING: [DRC PDCN-1569] LUT equation term check: Used physical LUT pin 'A4' of cell jtag_spi_ila_i/jtag_axi_0/inst/jtag_axi_engine_u/tx_fifo_i/inst_fifo_gen/gconvfifo.rf/grf.rf/gntv_or_sync_fifo.gl0.rd/gr1.gr1_int.rfwft/gpregsm1.user_valid_i_1__0 (pin jtag_spi_ila_i/jtag_axi_0/inst/jtag_axi_engine_u/tx_fifo_i/inst_fifo_gen/gconvfifo.rf/grf.rf/gntv_or_sync_fifo.gl0.rd/gr1.gr1_int.rfwft/gpregsm1.user_valid_i_1__0/I1) is not included in the LUT equation: 'O6=(A6)+((~A6)*(~A1)*A3)'. If this cell is a user instantiated LUT in the design, please remove connectivity to the pin or change the equation and/or INIT string of the LUT to prevent this issue. If the cell is inferred or IP created LUT, please regenerate the IP and/or resynthesize the design to attempt to correct the issue.
WARNING: [DRC PDCN-1569] LUT equation term check: Used physical LUT pin 'A4' of cell jtag_spi_ila_i/jtag_axi_0/inst/jtag_axi_engine_u/wr_cmd_fifo_i/inst_fifo_gen/gconvfifo.rf/grf.rf/gntv_or_sync_fifo.gl0.rd/gr1.gr1_int.rfwft/gpregsm1.user_valid_i_1__1 (pin jtag_spi_ila_i/jtag_axi_0/inst/jtag_axi_engine_u/wr_cmd_fifo_i/inst_fifo_gen/gconvfifo.rf/grf.rf/gntv_or_sync_fifo.gl0.rd/gr1.gr1_int.rfwft/gpregsm1.user_valid_i_1__1/I1) is not included in the LUT equation: 'O6=(A5)+((~A5)*(~A3)*A1)'. If this cell is a user instantiated LUT in the design, please remove connectivity to the pin or change the equation and/or INIT string of the LUT to prevent this issue. If the cell is inferred or IP created LUT, please regenerate the IP and/or resynthesize the design to attempt to correct the issue.
WARNING: [DRC PDCN-1569] LUT equation term check: Used physical LUT pin 'A5' of cell dbg_hub/inst/BSCANID.u_xsdbm_id/SWITCH_N_EXT_BSCAN.bscan_switch/temp_curid[31]_i_1 (pin dbg_hub/inst/BSCANID.u_xsdbm_id/SWITCH_N_EXT_BSCAN.bscan_switch/temp_curid[31]_i_1/I0) is not included in the LUT equation: 'O5=(A1*A4)+(A1*(~A4)*(~A2))+((~A1))'. If this cell is a user instantiated LUT in the design, please remove connectivity to the pin or change the equation and/or INIT string of the LUT to prevent this issue. If the cell is inferred or IP created LUT, please regenerate the IP and/or resynthesize the design to attempt to correct the issue.
WARNING: [DRC PDCN-1569] LUT equation term check: Used physical LUT pin 'A5' of cell jtag_spi_ila_i/jtag_axi_0/inst/jtag_axi_engine_u/rd_cmd_fifo_i/inst_fifo_gen/gconvfifo.rf/grf.rf/gntv_or_sync_fifo.gl0.rd/gr1.gr1_int.rfwft/gpregsm1.curr_fwft_state[0]_i_1__2 (pin jtag_spi_ila_i/jtag_axi_0/inst/jtag_axi_engine_u/rd_cmd_fifo_i/inst_fifo_gen/gconvfifo.rf/grf.rf/gntv_or_sync_fifo.gl0.rd/gr1.gr1_int.rfwft/gpregsm1.curr_fwft_state[0]_i_1__2/I1) is not included in the LUT equation: 'O6=(A6+~A6)*((A2)+((~A2)*(~A4)*A3))'. If this cell is a user instantiated LUT in the design, please remove connectivity to the pin or change the equation and/or INIT string of the LUT to prevent this issue. If the cell is inferred or IP created LUT, please regenerate the IP and/or resynthesize the design to attempt to correct the issue.
WARNING: [DRC PDCN-1569] LUT equation term check: Used physical LUT pin 'A5' of cell jtag_spi_ila_i/jtag_axi_0/inst/jtag_axi_engine_u/rd_cmd_fifo_i/inst_fifo_gen/gconvfifo.rf/grf.rf/gntv_or_sync_fifo.gl0.rd/gr1.gr1_int.rfwft/gpregsm1.user_valid_i_1__2 (pin jtag_spi_ila_i/jtag_axi_0/inst/jtag_axi_engine_u/rd_cmd_fifo_i/inst_fifo_gen/gconvfifo.rf/grf.rf/gntv_or_sync_fifo.gl0.rd/gr1.gr1_int.rfwft/gpregsm1.user_valid_i_1__2/I1) is not included in the LUT equation: 'O6=(A6)+((~A6)*(~A4)*A3)'. If this cell is a user instantiated LUT in the design, please remove connectivity to the pin or change the equation and/or INIT string of the LUT to prevent this issue. If the cell is inferred or IP created LUT, please regenerate the IP and/or resynthesize the design to attempt to correct the issue.
WARNING: [DRC RTSTAT-10] No routable loads: 43 net(s) have no routable loads. The problem bus(es) and/or net(s) are dbg_hub/inst/BSCANID.u_xsdbm_id/SWITCH_N_EXT_BSCAN.bscan_inst/TMS, dbg_hub/inst/BSCANID.u_xsdbm_id/CORE_XSDB.UUT_MASTER/U_ICON_INTERFACE/U_CMD6_RD/U_RD_FIFO/SUBCORE_FIFO.xsdbm_v3_0_0_rdfifo_inst/inst_fifo_gen/gconvfifo.rf/grf.rf/gntv_or_sync_fifo.gl0.rd/gr1.gr1_int.rfwft/aempty_fwft_i, jtag_spi_ila_i/jtag_axi_0/inst/jtag_axi_engine_u/rx_fifo_i/inst_fifo_gen/gconvfifo.rf/grf.rf/gntv_or_sync_fifo.gl0.rd/gr1.gr1_int.rfwft/aempty_fwft_i, jtag_spi_ila_i/jtag_axi_0/inst/jtag_axi_engine_u/wr_cmd_fifo_i/inst_fifo_gen/gconvfifo.rf/grf.rf/gntv_or_sync_fifo.gl0.rd/gr1.gr1_int.rfwft/aempty_fwft_i, jtag_spi_ila_i/jtag_axi_0/inst/jtag_axi_engine_u/tx_fifo_i/inst_fifo_gen/gconvfifo.rf/grf.rf/gntv_or_sync_fifo.gl0.rd/gr1.gr1_int.rfwft/aempty_fwft_i, jtag_spi_ila_i/jtag_axi_0/inst/jtag_axi_engine_u/rd_cmd_fifo_i/inst_fifo_gen/gconvfifo.rf/grf.rf/gntv_or_sync_fifo.gl0.rd/gr1.gr1_int.rfwft/aempty_fwft_i, dbg_hub/inst/BSCANID.u_xsdbm_id/CORE_XSDB.UUT_MASTER/U_ICON_INTERFACE/U_CMD7_CTL/ctl_reg[2:0], dbg_hub/inst/BSCANID.u_xsdbm_id/CORE_XSDB.UUT_MASTER/U_ICON_INTERFACE/U_CMD7_CTL/ctl_reg_en_2[1], dbg_hub/inst/BSCANID.u_xsdbm_id/CORE_XSDB.UUT_MASTER/U_ICON_INTERFACE/U_CMD1/ctl_reg_en_2[1], jtag_spi_ila_i/jtag_axi_0/inst/jtag_axi_engine_u/tx_fifo_i/inst_fifo_gen/gconvfifo.rf/grf.rf/gntv_or_sync_fifo.gl0.rd/gr1.gr1_int.rfwft/empty_fwft_i, jtag_spi_ila_i/jtag_axi_0/inst/jtag_axi_engine_u/rd_cmd_fifo_i/inst_fifo_gen/gconvfifo.rf/grf.rf/gntv_or_sync_fifo.gl0.rd/gr1.gr1_int.rfwft/empty_fwft_i, jtag_spi_ila_i/jtag_axi_0/inst/jtag_axi_engine_u/wr_cmd_fifo_i/inst_fifo_gen/gconvfifo.rf/grf.rf/gntv_or_sync_fifo.gl0.rd/gr1.gr1_int.rfwft/empty_fwft_i, jtag_spi_ila_i/jtag_axi_0/inst/jtag_axi_engine_u/rx_fifo_i/inst_fifo_gen/gconvfifo.rf/grf.rf/gntv_or_sync_fifo.gl0.rd/gr1.gr1_int.rfwft/empty_fwft_i, dbg_hub/inst/BSCANID.u_xsdbm_id/SWITCH_N_EXT_BSCAN.bscan_switch/m_bscan_capture[0], dbg_hub/inst/BSCANID.u_xsdbm_id/SWITCH_N_EXT_BSCAN.bscan_switch/m_bscan_drck[0]... and (the first 15 of 41 listed).
INFO: [DRC REQP-165] writefirst: Synchronous clocking is detected for BRAM (jtag_spi_ila_i/jtag_axi_0/inst/jtag_axi_engine_u/rx_fifo_i/inst_fifo_gen/gconvfifo.rf/grf.rf/gntv_or_sync_fifo.mem/gbm.gbmg.gbmga.ngecc.bmg/inst_blk_mem_gen/gnbram.gnativebmg.native_blk_mem_gen/valid.cstr/ramloop[0].ram.r/prim_noinit.ram/DEVICE_7SERIES.NO_BMM_INFO.SDP.WIDE_PRIM18.ram) in SDP mode with WRITE_FIRST write-mode. This is the preferred mode for best power characteristics, however it may exhibit address collisions if the same address appears on both read and write ports resulting in unknown or corrupted read data. It is suggested to confirm via simulation that an address collision never occurs and if so it is suggested to try and avoid this situation. If address collisions cannot be avoided, the write-mode may be set to READ_FIRST which guarantees that the read data is the prior contents of the memory at the cost of additional power in the design. See the FPGA Memory Resources User Guide for additional information.
INFO: [DRC REQP-181] writefirst: Synchronous clocking is detected for BRAM (jtag_spi_ila_i/jtag_axi_0/inst/jtag_axi_engine_u/rd_cmd_fifo_i/inst_fifo_gen/gconvfifo.rf/grf.rf/gntv_or_sync_fifo.mem/gbm.gbmg.gbmga.ngecc.bmg/inst_blk_mem_gen/gnbram.gnativebmg.native_blk_mem_gen/valid.cstr/ramloop[0].ram.r/prim_noinit.ram/DEVICE_7SERIES.NO_BMM_INFO.SDP.WIDE_PRIM36_NO_ECC.ram) in SDP mode with WRITE_FIRST write-mode. This is the preferred mode for best power characteristics, however it may exhibit address collisions if the same address appears on both read and write ports resulting in unknown or corrupted read data. It is suggested to confirm via simulation that an address collision never occurs and if so it is suggested to try and avoid this situation. If address collisions cannot be avoided, the write-mode may be set to READ_FIRST which guarantees that the read data is the prior contents of the memory at the cost of additional power in the design. See the FPGA Memory Resources User Guide for additional information.
INFO: [DRC REQP-181] writefirst: Synchronous clocking is detected for BRAM (jtag_spi_ila_i/jtag_axi_0/inst/jtag_axi_engine_u/wr_cmd_fifo_i/inst_fifo_gen/gconvfifo.rf/grf.rf/gntv_or_sync_fifo.mem/gbm.gbmg.gbmga.ngecc.bmg/inst_blk_mem_gen/gnbram.gnativebmg.native_blk_mem_gen/valid.cstr/ramloop[0].ram.r/prim_noinit.ram/DEVICE_7SERIES.NO_BMM_INFO.SDP.WIDE_PRIM36_NO_ECC.ram) in SDP mode with WRITE_FIRST write-mode. This is the preferred mode for best power characteristics, however it may exhibit address collisions if the same address appears on both read and write ports resulting in unknown or corrupted read data. It is suggested to confirm via simulation that an address collision never occurs and if so it is suggested to try and avoid this situation. If address collisions cannot be avoided, the write-mode may be set to READ_FIRST which guarantees that the read data is the prior contents of the memory at the cost of additional power in the design. See the FPGA Memory Resources User Guide for additional information.
INFO: [Vivado 12-3199] DRC finished with 0 Errors, 13 Warnings, 3 Advisories
INFO: [Vivado 12-3200] Please refer to the DRC report (report_drc) for more information.
INFO: [Designutils 20-2272] Running write_bitstream with 4 threads.
Loading data files...
Loading site data...
Loading route data...
Processing options...
Creating bitmap...
Creating bitstream...
Writing bitstream ./jtag_spi_ila_wrapper.bit...
INFO: [Vivado 12-1842] Bitgen Completed Successfully.
INFO: [Common 17-83] Releasing license: Implementation
25 Infos, 14 Warnings, 2 Critical Warnings and 0 Errors encountered.
write_bitstream completed successfully
write_bitstream: Time (s): cpu = 00:00:16 ; elapsed = 00:00:22 . Memory (MB): peak = 3659.734 ; gain = 484.824 ; free physical = 1881 ; free virtual = 20679
INFO: [Common 17-206] Exiting Vivado at Fri May  2 10:51:26 2025...
