
*** Running vivado
    with args -log jtag_spi_ila_reset_inv_0_0.vds -m64 -product Vivado -mode batch -messageDb vivado.pb -notrace -source jtag_spi_ila_reset_inv_0_0.tcl


****** Vivado v2022.1 (64-bit)
  **** SW Build 3526262 on Mon Apr 18 15:47:01 MDT 2022
  **** IP Build 3524634 on Mon Apr 18 20:55:01 MDT 2022
    ** Copyright 1986-2022 Xilinx, Inc. All Rights Reserved.

source jtag_spi_ila_reset_inv_0_0.tcl -notrace
create_project: Time (s): cpu = 00:00:04 ; elapsed = 00:00:06 . Memory (MB): peak = 2882.688 ; gain = 2.016 ; free physical = 2298 ; free virtual = 22390
Command: synth_design -top jtag_spi_ila_reset_inv_0_0 -part xc7a100tcsg324-1 -incremental_mode off -mode out_of_context
Starting synth_design
Attempting to get a license for feature 'Synthesis' and/or device 'xc7a100t'
INFO: [Common 17-349] Got license for feature 'Synthesis' and/or device 'xc7a100t'
INFO: [Device 21-403] Loading part xc7a100tcsg324-1
INFO: [Synth 8-7079] Multithreading enabled for synth_design using a maximum of 4 processes.
INFO: [Synth 8-7078] Launching helper process for spawning children vivado processes
INFO: [Synth 8-7075] Helper process launched with PID 4014365
WARNING: [Synth 8-9501] generate block is allowed only inside loop and conditional generate in SystemVerilog mode [/ece/Xilinx/Vivado/2022.1/data/ip/xpm/xpm_fifo/hdl/xpm_fifo.sv:4023]
---------------------------------------------------------------------------------
Starting RTL Elaboration : Time (s): cpu = 00:00:04 ; elapsed = 00:00:05 . Memory (MB): peak = 2886.859 ; gain = 0.000 ; free physical = 255 ; free virtual = 18854
---------------------------------------------------------------------------------
INFO: [Synth 8-6157] synthesizing module 'jtag_spi_ila_reset_inv_0_0' [/home/cameronbarrett/lab3_retry/lab3_retry.gen/sources_1/bd/jtag_spi_ila/ip/jtag_spi_ila_reset_inv_0_0/synth/jtag_spi_ila_reset_inv_0_0.v:53]
INFO: [Synth 8-6157] synthesizing module 'util_vector_logic_v2_0_2_util_vector_logic' [/home/cameronbarrett/lab3_retry/lab3_retry.gen/sources_1/bd/jtag_spi_ila/ipshared/3d84/hdl/util_vector_logic_v2_0_vl_rfs.v:45]
INFO: [Synth 8-6155] done synthesizing module 'util_vector_logic_v2_0_2_util_vector_logic' (0#1) [/home/cameronbarrett/lab3_retry/lab3_retry.gen/sources_1/bd/jtag_spi_ila/ipshared/3d84/hdl/util_vector_logic_v2_0_vl_rfs.v:45]
INFO: [Synth 8-6155] done synthesizing module 'jtag_spi_ila_reset_inv_0_0' (0#1) [/home/cameronbarrett/lab3_retry/lab3_retry.gen/sources_1/bd/jtag_spi_ila/ip/jtag_spi_ila_reset_inv_0_0/synth/jtag_spi_ila_reset_inv_0_0.v:53]
WARNING: [Synth 8-7129] Port Op2[0] in module util_vector_logic_v2_0_2_util_vector_logic is either unconnected or has no load
---------------------------------------------------------------------------------
Finished RTL Elaboration : Time (s): cpu = 00:00:05 ; elapsed = 00:00:07 . Memory (MB): peak = 2938.809 ; gain = 51.949 ; free physical = 2391 ; free virtual = 20992
---------------------------------------------------------------------------------
---------------------------------------------------------------------------------
Start Handling Custom Attributes
---------------------------------------------------------------------------------
---------------------------------------------------------------------------------
Finished Handling Custom Attributes : Time (s): cpu = 00:00:05 ; elapsed = 00:00:07 . Memory (MB): peak = 2956.621 ; gain = 69.762 ; free physical = 2391 ; free virtual = 20991
---------------------------------------------------------------------------------
---------------------------------------------------------------------------------
Finished RTL Optimization Phase 1 : Time (s): cpu = 00:00:05 ; elapsed = 00:00:07 . Memory (MB): peak = 2956.621 ; gain = 69.762 ; free physical = 2391 ; free virtual = 20991
---------------------------------------------------------------------------------
Netlist sorting complete. Time (s): cpu = 00:00:00 ; elapsed = 00:00:00 . Memory (MB): peak = 2956.621 ; gain = 0.000 ; free physical = 2383 ; free virtual = 20983
INFO: [Project 1-570] Preparing netlist for logic optimization

Processing XDC Constraints
Initializing timing engine
Completed Processing XDC Constraints

Netlist sorting complete. Time (s): cpu = 00:00:00 ; elapsed = 00:00:00 . Memory (MB): peak = 3003.480 ; gain = 0.000 ; free physical = 2217 ; free virtual = 20827
INFO: [Project 1-111] Unisim Transformation Summary:
No Unisim elements were transformed.

Constraint Validation Runtime : Time (s): cpu = 00:00:00.01 ; elapsed = 00:00:00.03 . Memory (MB): peak = 3003.480 ; gain = 0.000 ; free physical = 2220 ; free virtual = 20831
INFO: [Designutils 20-5008] Incremental synthesis strategy off
---------------------------------------------------------------------------------
Finished Constraint Validation : Time (s): cpu = 00:00:12 ; elapsed = 00:00:14 . Memory (MB): peak = 3003.480 ; gain = 116.621 ; free physical = 2116 ; free virtual = 20726
---------------------------------------------------------------------------------
---------------------------------------------------------------------------------
Start Loading Part and Timing Information
---------------------------------------------------------------------------------
Loading part: xc7a100tcsg324-1
---------------------------------------------------------------------------------
Finished Loading Part and Timing Information : Time (s): cpu = 00:00:12 ; elapsed = 00:00:14 . Memory (MB): peak = 3003.480 ; gain = 116.621 ; free physical = 2115 ; free virtual = 20726
---------------------------------------------------------------------------------
---------------------------------------------------------------------------------
Start Applying 'set_property' XDC Constraints
---------------------------------------------------------------------------------
---------------------------------------------------------------------------------
Finished applying 'set_property' XDC Constraints : Time (s): cpu = 00:00:12 ; elapsed = 00:00:14 . Memory (MB): peak = 3003.480 ; gain = 116.621 ; free physical = 2113 ; free virtual = 20723
---------------------------------------------------------------------------------
---------------------------------------------------------------------------------
Finished RTL Optimization Phase 2 : Time (s): cpu = 00:00:12 ; elapsed = 00:00:14 . Memory (MB): peak = 3003.480 ; gain = 116.621 ; free physical = 2096 ; free virtual = 20707
---------------------------------------------------------------------------------
---------------------------------------------------------------------------------
Start RTL Component Statistics 
---------------------------------------------------------------------------------
Detailed RTL Component Info : 
---------------------------------------------------------------------------------
Finished RTL Component Statistics 
---------------------------------------------------------------------------------
---------------------------------------------------------------------------------
Start Part Resource Summary
---------------------------------------------------------------------------------
Part Resources:
DSPs: 240 (col length:80)
BRAMs: 270 (col length: RAMB18 80 RAMB36 40)
---------------------------------------------------------------------------------
Finished Part Resource Summary
---------------------------------------------------------------------------------
---------------------------------------------------------------------------------
Start Cross Boundary and Area Optimization
---------------------------------------------------------------------------------
WARNING: [Synth 8-7080] Parallel synthesis criteria is not met
---------------------------------------------------------------------------------
Finished Cross Boundary and Area Optimization : Time (s): cpu = 00:00:13 ; elapsed = 00:00:15 . Memory (MB): peak = 3003.480 ; gain = 116.621 ; free physical = 2030 ; free virtual = 20645
---------------------------------------------------------------------------------
---------------------------------------------------------------------------------
Start Applying XDC Timing Constraints
---------------------------------------------------------------------------------
---------------------------------------------------------------------------------
Finished Applying XDC Timing Constraints : Time (s): cpu = 00:00:18 ; elapsed = 00:00:20 . Memory (MB): peak = 3003.480 ; gain = 116.621 ; free physical = 1952 ; free virtual = 20575
---------------------------------------------------------------------------------
---------------------------------------------------------------------------------
Start Timing Optimization
---------------------------------------------------------------------------------
---------------------------------------------------------------------------------
Finished Timing Optimization : Time (s): cpu = 00:00:18 ; elapsed = 00:00:20 . Memory (MB): peak = 3003.480 ; gain = 116.621 ; free physical = 1952 ; free virtual = 20575
---------------------------------------------------------------------------------
---------------------------------------------------------------------------------
Start Technology Mapping
---------------------------------------------------------------------------------
---------------------------------------------------------------------------------
Finished Technology Mapping : Time (s): cpu = 00:00:18 ; elapsed = 00:00:20 . Memory (MB): peak = 3003.480 ; gain = 116.621 ; free physical = 1952 ; free virtual = 20575
---------------------------------------------------------------------------------
---------------------------------------------------------------------------------
Start IO Insertion
---------------------------------------------------------------------------------
---------------------------------------------------------------------------------
Start Flattening Before IO Insertion
---------------------------------------------------------------------------------
---------------------------------------------------------------------------------
Finished Flattening Before IO Insertion
---------------------------------------------------------------------------------
---------------------------------------------------------------------------------
Start Final Netlist Cleanup
---------------------------------------------------------------------------------
---------------------------------------------------------------------------------
Finished Final Netlist Cleanup
---------------------------------------------------------------------------------
---------------------------------------------------------------------------------
Finished IO Insertion : Time (s): cpu = 00:00:22 ; elapsed = 00:00:24 . Memory (MB): peak = 3003.480 ; gain = 116.621 ; free physical = 2034 ; free virtual = 20656
---------------------------------------------------------------------------------
---------------------------------------------------------------------------------
Start Renaming Generated Instances
---------------------------------------------------------------------------------
---------------------------------------------------------------------------------
Finished Renaming Generated Instances : Time (s): cpu = 00:00:22 ; elapsed = 00:00:24 . Memory (MB): peak = 3003.480 ; gain = 116.621 ; free physical = 2034 ; free virtual = 20657
---------------------------------------------------------------------------------
---------------------------------------------------------------------------------
Start Rebuilding User Hierarchy
---------------------------------------------------------------------------------
---------------------------------------------------------------------------------
Finished Rebuilding User Hierarchy : Time (s): cpu = 00:00:22 ; elapsed = 00:00:24 . Memory (MB): peak = 3003.480 ; gain = 116.621 ; free physical = 2036 ; free virtual = 20659
---------------------------------------------------------------------------------
---------------------------------------------------------------------------------
Start Renaming Generated Ports
---------------------------------------------------------------------------------
---------------------------------------------------------------------------------
Finished Renaming Generated Ports : Time (s): cpu = 00:00:22 ; elapsed = 00:00:24 . Memory (MB): peak = 3003.480 ; gain = 116.621 ; free physical = 2037 ; free virtual = 20659
---------------------------------------------------------------------------------
---------------------------------------------------------------------------------
Start Handling Custom Attributes
---------------------------------------------------------------------------------
---------------------------------------------------------------------------------
Finished Handling Custom Attributes : Time (s): cpu = 00:00:22 ; elapsed = 00:00:24 . Memory (MB): peak = 3003.480 ; gain = 116.621 ; free physical = 2037 ; free virtual = 20660
---------------------------------------------------------------------------------
---------------------------------------------------------------------------------
Start Renaming Generated Nets
---------------------------------------------------------------------------------
---------------------------------------------------------------------------------
Finished Renaming Generated Nets : Time (s): cpu = 00:00:22 ; elapsed = 00:00:24 . Memory (MB): peak = 3003.480 ; gain = 116.621 ; free physical = 2038 ; free virtual = 20661
---------------------------------------------------------------------------------
---------------------------------------------------------------------------------
Start Writing Synthesis Report
---------------------------------------------------------------------------------

Report BlackBoxes: 
+-+--------------+----------+
| |BlackBox name |Instances |
+-+--------------+----------+
+-+--------------+----------+

Report Cell Usage: 
+------+-----+------+
|      |Cell |Count |
+------+-----+------+
|1     |LUT1 |     1|
+------+-----+------+
---------------------------------------------------------------------------------
Finished Writing Synthesis Report : Time (s): cpu = 00:00:22 ; elapsed = 00:00:24 . Memory (MB): peak = 3003.480 ; gain = 116.621 ; free physical = 2039 ; free virtual = 20662
---------------------------------------------------------------------------------
Synthesis finished with 0 errors, 0 critical warnings and 1 warnings.
Synthesis Optimization Runtime : Time (s): cpu = 00:00:21 ; elapsed = 00:00:22 . Memory (MB): peak = 3003.480 ; gain = 69.762 ; free physical = 2175 ; free virtual = 20798
Synthesis Optimization Complete : Time (s): cpu = 00:00:22 ; elapsed = 00:00:24 . Memory (MB): peak = 3003.488 ; gain = 116.621 ; free physical = 2181 ; free virtual = 20804
INFO: [Project 1-571] Translating synthesized netlist
Netlist sorting complete. Time (s): cpu = 00:00:00 ; elapsed = 00:00:00 . Memory (MB): peak = 3003.488 ; gain = 0.000 ; free physical = 2240 ; free virtual = 20863
INFO: [Project 1-570] Preparing netlist for logic optimization
INFO: [Opt 31-138] Pushed 0 inverter(s) to 0 load pin(s).
Netlist sorting complete. Time (s): cpu = 00:00:00 ; elapsed = 00:00:00 . Memory (MB): peak = 3006.449 ; gain = 0.000 ; free physical = 2300 ; free virtual = 20925
INFO: [Project 1-111] Unisim Transformation Summary:
No Unisim elements were transformed.

Synth Design complete, checksum: 1db833b9
INFO: [Common 17-83] Releasing license: Synthesis
17 Infos, 3 Warnings, 0 Critical Warnings and 0 Errors encountered.
synth_design completed successfully
synth_design: Time (s): cpu = 00:00:31 ; elapsed = 00:00:30 . Memory (MB): peak = 3006.449 ; gain = 123.762 ; free physical = 2502 ; free virtual = 21126
INFO: [Common 17-1381] The checkpoint '/home/cameronbarrett/lab3_retry/lab3_retry.runs/jtag_spi_ila_reset_inv_0_0_synth_1/jtag_spi_ila_reset_inv_0_0.dcp' has been generated.
INFO: [Coretcl 2-1648] Added synthesis output to IP cache for IP jtag_spi_ila_reset_inv_0_0, cache-ID = 0ea7ce8589102efe
INFO: [Common 17-1381] The checkpoint '/home/cameronbarrett/lab3_retry/lab3_retry.runs/jtag_spi_ila_reset_inv_0_0_synth_1/jtag_spi_ila_reset_inv_0_0.dcp' has been generated.
INFO: [runtcl-4] Executing : report_utilization -file jtag_spi_ila_reset_inv_0_0_utilization_synth.rpt -pb jtag_spi_ila_reset_inv_0_0_utilization_synth.pb
INFO: [Common 17-206] Exiting Vivado at Wed Apr 30 17:26:34 2025...
